Component: ARM Compiler 5.06 update 6 (build 750) Tool: armlink [4d35ed]

==============================================================================

Section Cross References

    system_m480.o(i.SystemCoreClockUpdate) refers to clk.o(i.CLK_GetPLLClockFreq) for CLK_GetPLLClockFreq
    system_m480.o(i.SystemCoreClockUpdate) refers to system_m480.o(.data) for .data
    startup_m480.o(RESET) refers to startup_m480.o(STACK) for __initial_sp
    startup_m480.o(RESET) refers to startup_m480.o(.text) for Reset_Handler
    startup_m480.o(RESET) refers to retarget.o(.emb_text) for HardFault_Handler
    startup_m480.o(RESET) refers to main.o(i.TMR1_IRQHandler) for TMR1_IRQHandler
    startup_m480.o(RESET) refers to uart_transfer.o(i.UART0_IRQHandler) for UART0_IRQHandler
    startup_m480.o(RESET) refers to main.o(i.UART1_IRQHandler) for UART1_IRQHandler
    startup_m480.o(.text) refers to system_m480.o(i.SystemInit) for SystemInit
    startup_m480.o(.text) refers to entry.o(.ARM.Collect$$$$00000000) for __main
    main.o(i.DEBUG_UART_Init) refers to sys.o(i.SYS_ResetModule) for SYS_ResetModule
    main.o(i.DEBUG_UART_Init) refers to uart.o(i.UART_Open) for UART_Open
    main.o(i.DEBUG_UART_Init) refers to uart.o(i.UART_SetTimeoutCnt) for UART_SetTimeoutCnt
    main.o(i.DEBUG_UART_Init) refers to main.o(i.NVIC_EnableIRQ) for NVIC_EnableIRQ
    main.o(i.DEBUG_UART_Init) refers to clk.o(i.CLK_GetCPUFreq) for CLK_GetCPUFreq
    main.o(i.DEBUG_UART_Init) refers to printf8.o(i.__0printf$8) for __2printf
    main.o(i.DEBUG_UART_Init) refers to clk.o(i.CLK_GetHXTFreq) for CLK_GetHXTFreq
    main.o(i.DEBUG_UART_Init) refers to clk.o(i.CLK_GetLXTFreq) for CLK_GetLXTFreq
    main.o(i.DEBUG_UART_Init) refers to clk.o(i.CLK_GetPCLK0Freq) for CLK_GetPCLK0Freq
    main.o(i.DEBUG_UART_Init) refers to clk.o(i.CLK_GetPCLK1Freq) for CLK_GetPCLK1Freq
    main.o(i.SYS_Init) refers to clk.o(i.CLK_EnableModuleClock) for CLK_EnableModuleClock
    main.o(i.SYS_Init) refers to clk.o(i.CLK_SetModuleClock) for CLK_SetModuleClock
    main.o(i.SYS_Init) refers to system_m480.o(.data) for PllClock
    main.o(i.TIMER1_Init) refers to timer.o(i.TIMER_Open) for TIMER_Open
    main.o(i.TIMER1_Init) refers to main.o(i.NVIC_EnableIRQ) for NVIC_EnableIRQ
    main.o(i.TMR1_IRQHandler) refers to main.o(.data) for .data
    main.o(i.UART1_IRQHandler) refers to main.o(i.UARTx_Process) for UARTx_Process
    main.o(i.UART1_IRQHandler) refers to uart.o(i.UART_ClearIntFlag) for UART_ClearIntFlag
    main.o(i.UARTx_Process) refers to printf8.o(i.__0printf$8) for __2printf
    main.o(i.caculate_crc32_checksum) refers to crc.o(i.CRC_Open) for CRC_Open
    main.o(i.caculate_crc32_checksum) refers to fmc.o(i.FMC_Read) for FMC_Read
    main.o(i.caculate_crc32_checksum) refers to crc.o(i.CRC_GetChecksum) for CRC_GetChecksum
    main.o(i.check_reset_source) refers to sys.o(i.SYS_GetResetSrc) for SYS_GetResetSrc
    main.o(i.check_reset_source) refers to printf8.o(i.__0printf$8) for __2printf
    main.o(i.check_reset_source) refers to isp_user.o(i.rtc_read_magic_tag) for rtc_read_magic_tag
    main.o(i.check_reset_source) refers to sys.o(i.SYS_ClearResetSrc) for SYS_ClearResetSrc
    main.o(i.check_reset_source) refers to isp_user.o(i.rtc_write_magic_tag) for rtc_write_magic_tag
    main.o(i.main) refers to main.o(i.SYS_UnlockReg) for SYS_UnlockReg
    main.o(i.main) refers to main.o(i.SYS_Init) for SYS_Init
    main.o(i.main) refers to main.o(i.DEBUG_UART_Init) for DEBUG_UART_Init
    main.o(i.main) refers to uart_transfer.o(i.ISP_UART_Init) for ISP_UART_Init
    main.o(i.main) refers to main.o(i.TIMER1_Init) for TIMER1_Init
    main.o(i.main) refers to fmc.o(i.FMC_Open) for FMC_Open
    main.o(i.main) refers to targetdev.o(i.GetDataFlashInfo) for GetDataFlashInfo
    main.o(i.main) refers to main.o(i.check_reset_source) for check_reset_source
    main.o(i.main) refers to printf8.o(i.__0printf$8) for __2printf
    main.o(i.main) refers to main.o(i.verify_application_chksum) for verify_application_chksum
    main.o(i.main) refers to sys.o(i.SYS_ResetChip) for SYS_ResetChip
    main.o(i.main) refers to isp_user.o(i.ParseCmd) for ParseCmd
    main.o(i.main) refers to uart_transfer.o(i.PutString) for PutString
    main.o(i.main) refers to isp_user.o(.data) for g_apromSize
    main.o(i.main) refers to uart_transfer.o(.bss) for uart_rcvbuf
    main.o(i.main) refers to uart_transfer.o(.data) for bufhead
    main.o(i.main) refers to main.o(.data) for .data
    main.o(i.verify_application_chksum) refers to printf8.o(i.__0printf$8) for __2printf
    main.o(i.verify_application_chksum) refers to main.o(i.caculate_crc32_checksum) for caculate_crc32_checksum
    main.o(i.verify_application_chksum) refers to fmc.o(i.FMC_Read) for FMC_Read
    main.o(i.verify_application_chksum) refers to isp_user.o(.data) for g_apromSize
    fmc_user.o(i.FMC_Erase_User) refers to fmc_user.o(i.FMC_Proc) for FMC_Proc
    fmc_user.o(i.FMC_Read_User) refers to fmc_user.o(i.FMC_Proc) for FMC_Proc
[...]
    targetdev.o(i.GetDataFlashInfo) refers to isp_user.o(.data) for g_apromSize
    uart_transfer.o(i.PutString) refers to isp_user.o(.bss) for response_buff
    uart_transfer.o(i.UART0_IRQHandler) refers to uart_transfer.o(.data) for .data
    uart_transfer.o(i.UART0_IRQHandler) refers to uart_transfer.o(.bss) for .bss
    fmc.o(i.FMC_ConfigXOM) refers to fmc.o(i.FMC_GetXOMState) for FMC_GetXOMState
    fmc.o(i.FMC_Erase) refers to fmc.o(i.FMC_Erase_SPROM) for FMC_Erase_SPROM
    fmc.o(i.FMC_EraseXOM) refers to fmc.o(i.FMC_GetXOMState) for FMC_GetXOMState
    fmc.o(i.FMC_ReadConfig) refers to fmc.o(i.FMC_Read) for FMC_Read
    fmc.o(i.FMC_SetSPKey) refers to fmc.o(i.FMC_Erase) for FMC_Erase
    fmc.o(i.FMC_SetSPKey) refers to fmc.o(i.FMC_Write) for FMC_Write
    fmc.o(i.FMC_WriteConfig) refers to fmc.o(i.FMC_Erase) for FMC_Erase
    fmc.o(i.FMC_WriteConfig) refers to fmc.o(i.FMC_Read) for FMC_Read
    fmc.o(i.FMC_WriteConfig) refers to fmc.o(i.FMC_Write) for FMC_Write
    clk.o(i.CLK_DisableCKO) refers to clk.o(i.CLK_DisableModuleClock) for CLK_DisableModuleClock
    clk.o(i.CLK_EnableCKO) refers to clk.o(i.CLK_EnableModuleClock) for CLK_EnableModuleClock
    clk.o(i.CLK_EnableCKO) refers to clk.o(i.CLK_SetModuleClock) for CLK_SetModuleClock
    clk.o(i.CLK_EnablePLL) refers to clk.o(i.CLK_DisablePLL) for CLK_DisablePLL
    clk.o(i.CLK_EnablePLL) refers to clk.o(i.CLK_WaitClockReady) for CLK_WaitClockReady
    clk.o(i.CLK_EnablePLL) refers to clk.o(i.CLK_GetPLLClockFreq) for CLK_GetPLLClockFreq
    clk.o(i.CLK_GetCPUFreq) refers to system_m480.o(i.SystemCoreClockUpdate) for SystemCoreClockUpdate
    clk.o(i.CLK_GetCPUFreq) refers to system_m480.o(.data) for SystemCoreClock
    clk.o(i.CLK_GetHCLKFreq) refers to system_m480.o(i.SystemCoreClockUpdate) for SystemCoreClockUpdate
    clk.o(i.CLK_GetHCLKFreq) refers to system_m480.o(.data) for SystemCoreClock
    clk.o(i.CLK_GetModuleClockDivider) refers to clk.o(.constdata) for .constdata
    clk.o(i.CLK_GetModuleClockSource) refers to clk.o(.constdata) for .constdata
    clk.o(i.CLK_GetPCLK0Freq) refers to system_m480.o(i.SystemCoreClockUpdate) for SystemCoreClockUpdate
    clk.o(i.CLK_GetPCLK0Freq) refers to system_m480.o(.data) for SystemCoreClock
    clk.o(i.CLK_GetPCLK1Freq) refers to system_m480.o(i.SystemCoreClockUpdate) for SystemCoreClockUpdate
    clk.o(i.CLK_GetPCLK1Freq) refers to system_m480.o(.data) for SystemCoreClock
    clk.o(i.CLK_SetCoreClock) refers to clk.o(i.CLK_WaitClockReady) for CLK_WaitClockReady
    clk.o(i.CLK_SetCoreClock) refers to clk.o(i.CLK_EnablePLL) for CLK_EnablePLL
    clk.o(i.CLK_SetCoreClock) refers to clk.o(i.CLK_SetHCLK) for CLK_SetHCLK
    clk.o(i.CLK_SetHCLK) refers to clk.o(i.CLK_WaitClockReady) for CLK_WaitClockReady
    clk.o(i.CLK_SetHCLK) refers to system_m480.o(i.SystemCoreClockUpdate) for SystemCoreClockUpdate
    clk.o(i.CLK_SetPowerDownMode) refers to clk.o(i.CLK_WaitClockReady) for CLK_WaitClockReady
    retarget.o(.emb_text) refers to retarget.o(i.Hard_Fault_Handler) for Hard_Fault_Handler
    retarget.o(i.Hard_Fault_Handler) refers to printf8.o(i.__0printf$8) for __2printf
    retarget.o(i.Hard_Fault_Handler) refers to retarget.o(i.stackDump) for stackDump
    retarget.o(i._ttywrch) refers to retarget.o(i.SendChar) for SendChar
    retarget.o(i.fputc) refers to retarget.o(i.SendChar) for SendChar
    retarget.o(i.stackDump) refers to printf8.o(i.__0printf$8) for __2printf
    uart.o(i.UART_Open) refers to clk.o(i.CLK_GetPLLClockFreq) for CLK_GetPLLClockFreq
    uart.o(i.UART_Open) refers to uart.o(.constdata) for .constdata
    uart.o(i.UART_SelectIrDAMode) refers to clk.o(i.CLK_GetPLLClockFreq) for CLK_GetPLLClockFreq
    uart.o(i.UART_SelectIrDAMode) refers to uart.o(.constdata) for .constdata
    uart.o(i.UART_SetLineConfig) refers to clk.o(i.CLK_GetPLLClockFreq) for CLK_GetPLLClockFreq
    uart.o(i.UART_SetLineConfig) refers to uart.o(.constdata) for .constdata
    timer.o(i.TIMER_Delay) refers to timer.o(i.TIMER_GetModuleClock) for TIMER_GetModuleClock
    timer.o(i.TIMER_Delay) refers to system_m480.o(.data) for SystemCoreClock
    timer.o(i.TIMER_GetModuleClock) refers to memcpya.o(.text) for __aeabi_memcpy4
    timer.o(i.TIMER_GetModuleClock) refers to clk.o(i.CLK_GetPCLK0Freq) for CLK_GetPCLK0Freq
    timer.o(i.TIMER_GetModuleClock) refers to clk.o(i.CLK_GetPCLK1Freq) for CLK_GetPCLK1Freq
    timer.o(i.TIMER_GetModuleClock) refers to timer.o(.constdata) for .constdata
    timer.o(i.TIMER_Open) refers to timer.o(i.TIMER_GetModuleClock) for TIMER_GetModuleClock
    rtc.o(i.RTC_32KCalibration) refers to uldiv.o(.text) for __aeabi_uldivmod
    rtc.o(i.RTC_32KCalibration) refers to rtc.o(i.RTC_WaitAccessEnable) for RTC_WaitAccessEnable
    rtc.o(i.RTC_DisableInt) refers to rtc.o(i.RTC_WaitAccessEnable) for RTC_WaitAccessEnable
    rtc.o(i.RTC_DisableSpareRegister) refers to rtc.o(i.RTC_WaitAccessEnable) for RTC_WaitAccessEnable
    rtc.o(i.RTC_DynamicTamperConfig) refers to rtc.o(i.RTC_WaitAccessEnable) for RTC_WaitAccessEnable
    rtc.o(i.RTC_DynamicTamperDisable) refers to rtc.o(i.RTC_WaitAccessEnable) for RTC_WaitAccessEnable
    rtc.o(i.RTC_DynamicTamperEnable) refers to rtc.o(i.RTC_WaitAccessEnable) for RTC_WaitAccessEnable
    rtc.o(i.RTC_EnableInt) refers to rtc.o(i.RTC_WaitAccessEnable) for RTC_WaitAccessEnable
    rtc.o(i.RTC_EnableSpareAccess) refers to rtc.o(i.RTC_WaitAccessEnable) for RTC_WaitAccessEnable
    rtc.o(i.RTC_GetAlarmDateAndTime) refers to rtc.o(i.RTC_WaitAccessEnable) for RTC_WaitAccessEnable
    rtc.o(i.RTC_GetAlarmDateAndTime) refers to rtc.o(.data) for .data
    rtc.o(i.RTC_GetDateAndTime) refers to rtc.o(.data) for .data
    rtc.o(i.RTC_Open) refers to rtc.o(i.RTC_SetDateAndTime) for RTC_SetDateAndTime
    rtc.o(i.RTC_SetAlarmDate) refers to rtc.o(i.RTC_WaitAccessEnable) for RTC_WaitAccessEnable
    rtc.o(i.RTC_SetAlarmDateAndTime) refers to rtc.o(i.RTC_WaitAccessEnable) for RTC_WaitAccessEnable
    rtc.o(i.RTC_SetAlarmDateMask) refers to rtc.o(i.RTC_WaitAccessEnable) for RTC_WaitAccessEnable
    rtc.o(i.RTC_SetAlarmTime) refers to rtc.o(i.RTC_WaitAccessEnable) for RTC_WaitAccessEnable
    rtc.o(i.RTC_SetAlarmTimeMask) refers to rtc.o(i.RTC_WaitAccessEnable) for RTC_WaitAccessEnable
    rtc.o(i.RTC_SetDate) refers to rtc.o(i.RTC_WaitAccessEnable) for RTC_WaitAccessEnable
    rtc.o(i.RTC_SetDateAndTime) refers to rtc.o(i.RTC_WaitAccessEnable) for RTC_WaitAccessEnable
    rtc.o(i.RTC_SetTickPeriod) refers to rtc.o(i.RTC_WaitAccessEnable) for RTC_WaitAccessEnable
    rtc.o(i.RTC_SetTime) refers to rtc.o(i.RTC_WaitAccessEnable) for RTC_WaitAccessEnable
    rtc.o(i.RTC_StaticTamperDisable) refers to rtc.o(i.RTC_WaitAccessEnable) for RTC_WaitAccessEnable
    rtc.o(i.RTC_StaticTamperEnable) refers to rtc.o(i.RTC_WaitAccessEnable) for RTC_WaitAccessEnable
    entry.o(.ARM.Collect$$$$00000000) refers (Special) to entry10a.o(.ARM.Collect$$$$0000000D) for __rt_final_cpp
    entry.o(.ARM.Collect$$$$00000000) refers (Special) to entry11a.o(.ARM.Collect$$$$0000000F) for __rt_final_exit
    entry.o(.ARM.Collect$$$$00000000) refers (Special) to entry7b.o(.ARM.Collect$$$$00000008) for _main_clock
    entry.o(.ARM.Collect$$$$00000000) refers (Special) to entry8b.o(.ARM.Collect$$$$0000000A) for _main_cpp_init
    entry.o(.ARM.Collect$$$$00000000) refers (Special) to entry9a.o(.ARM.Collect$$$$0000000B) for _main_init
    entry.o(.ARM.Collect$$$$00000000) refers (Special) to entry5.o(.ARM.Collect$$$$00000004) for _main_scatterload
    entry.o(.ARM.Collect$$$$00000000) refers (Special) to entry2.o(.ARM.Collect$$$$00000001) for _main_stk
    uldiv.o(.text) refers to llushr.o(.text) for __aeabi_llsr
    uldiv.o(.text) refers to llshl.o(.text) for __aeabi_llsl
    printfb.o(i.__0fprintf$bare) refers to printfb.o(i._printf_core) for _printf_core
    printfb.o(i.__0fprintf$bare) refers to retarget.o(i.fputc) for fputc
    printfb.o(i.__0printf$bare) refers to printfb.o(i._printf_core) for _printf_core
    printfb.o(i.__0printf$bare) refers to retarget.o(i.fputc) for fputc
    printfb.o(i.__0printf$bare) refers to retarget.o(.data) for __stdout
    printfb.o(i.__0snprintf$bare) refers to printfb.o(i._printf_core) for _printf_core
    printfb.o(i.__0snprintf$bare) refers to printfb.o(i._snputc) for _snputc
    printfb.o(i.__0sprintf$bare) refers to printfb.o(i._printf_core) for _printf_core
    printfb.o(i.__0sprintf$bare) refers to printfb.o(i._sputc) for _sputc
    printfb.o(i.__0vfprintf$bare) refers to printfb.o(i._printf_core) for _printf_core
    printfb.o(i.__0vfprintf$bare) refers to retarget.o(i.fputc) for fputc
    printfb.o(i.__0vprintf$bare) refers to printfb.o(i._printf_core) for _printf_core
    printfb.o(i.__0vprintf$bare) refers to retarget.o(i.fputc) for fputc
    printfb.o(i.__0vprintf$bare) refers to retarget.o(.data) for __stdout
    printfb.o(i.__0vsnprintf$bare) refers to printfb.o(i._printf_core) for _printf_core
    printfb.o(i.__0vsnprintf$bare) refers to printfb.o(i._snputc) for _snputc
    printfb.o(i.__0vsprintf$bare) refers to printfb.o(i._printf_core) for _printf_core
    printfb.o(i.__0vsprintf$bare) refers to printfb.o(i._sputc) for _sputc
    printf0.o(i.__0fprintf$0) refers to printf0.o(i._printf_core) for _printf_core
    printf0.o(i.__0fprintf$0) refers to retarget.o(i.fputc) for fputc
    printf0.o(i.__0printf$0) refers to printf0.o(i._printf_core) for _printf_core
    printf0.o(i.__0printf$0) refers to retarget.o(i.fputc) for fputc
    printf0.o(i.__0printf$0) refers to retarget.o(.data) for __stdout
    printf0.o(i.__0snprintf$0) refers to printf0.o(i._printf_core) for _printf_core
    printf0.o(i.__0snprintf$0) refers to printf0.o(i._snputc) for _snputc
    printf0.o(i.__0sprintf$0) refers to printf0.o(i._printf_core) for _printf_core
    printf0.o(i.__0sprintf$0) refers to printf0.o(i._sputc) for _sputc
    printf0.o(i.__0vfprintf$0) refers to printf0.o(i._printf_core) for _printf_core
    printf0.o(i.__0vfprintf$0) refers to retarget.o(i.fputc) for fputc
    printf0.o(i.__0vprintf$0) refers to printf0.o(i._printf_core) for _printf_core
    printf0.o(i.__0vprintf$0) refers to retarget.o(i.fputc) for fputc
    printf0.o(i.__0vprintf$0) refers to retarget.o(.data) for __stdout
    printf0.o(i.__0vsnprintf$0) refers to printf0.o(i._printf_core) for _printf_core
    printf0.o(i.__0vsnprintf$0) refers to printf0.o(i._snputc) for _snputc
    printf0.o(i.__0vsprintf$0) refers to printf0.o(i._printf_core) for _printf_core
    printf0.o(i.__0vsprintf$0) refers to printf0.o(i._sputc) for _sputc
    printf1.o(i.__0fprintf$1) refers to printf1.o(i._printf_core) for _printf_core
    printf1.o(i.__0fprintf$1) refers to retarget.o(i.fputc) for fputc
    printf1.o(i.__0printf$1) refers to printf1.o(i._printf_core) for _printf_core
    printf1.o(i.__0printf$1) refers to retarget.o(i.fputc) for fputc
    printf1.o(i.__0printf$1) refers to retarget.o(.data) for __stdout
    printf1.o(i.__0snprintf$1) refers to printf1.o(i._printf_core) for _printf_core
    printf1.o(i.__0snprintf$1) refers to printf1.o(i._snputc) for _snputc
    printf1.o(i.__0sprintf$1) refers to printf1.o(i._printf_core) for _printf_core
    printf1.o(i.__0sprintf$1) refers to printf1.o(i._sputc) for _sputc
    printf1.o(i.__0vfprintf$1) refers to printf1.o(i._printf_core) for _printf_core
    printf1.o(i.__0vfprintf$1) refers to retarget.o(i.fputc) for fputc
    printf1.o(i.__0vprintf$1) refers to printf1.o(i._printf_core) for _printf_core
    printf1.o(i.__0vprintf$1) refers to retarget.o(i.fputc) for fputc
    printf1.o(i.__0vprintf$1) refers to retarget.o(.data) for __stdout
    printf1.o(i.__0vsnprintf$1) refers to printf1.o(i._printf_core) for _printf_core
    printf1.o(i.__0vsnprintf$1) refers to printf1.o(i._snputc) for _snputc
    printf1.o(i.__0vsprintf$1) refers to printf1.o(i._printf_core) for _printf_core
    printf1.o(i.__0vsprintf$1) refers to printf1.o(i._sputc) for _sputc
    printf1.o(i._printf_core) refers to uidiv.o(.text) for __aeabi_uidivmod
    printf2.o(i.__0fprintf$2) refers to printf2.o(i._printf_core) for _printf_core
    printf2.o(i.__0fprintf$2) refers to retarget.o(i.fputc) for fputc
    printf2.o(i.__0printf$2) refers to printf2.o(i._printf_core) for _printf_core
    printf2.o(i.__0printf$2) refers to retarget.o(i.fputc) for fputc
    printf2.o(i.__0printf$2) refers to retarget.o(.data) for __stdout
    printf2.o(i.__0snprintf$2) refers to printf2.o(i._printf_core) for _printf_core
    printf2.o(i.__0snprintf$2) refers to printf2.o(i._snputc) for _snputc
    printf2.o(i.__0sprintf$2) refers to printf2.o(i._printf_core) for _printf_core
    printf2.o(i.__0sprintf$2) refers to printf2.o(i._sputc) for _sputc
    printf2.o(i.__0vfprintf$2) refers to printf2.o(i._printf_core) for _printf_core
    printf2.o(i.__0vfprintf$2) refers to retarget.o(i.fputc) for fputc
    printf2.o(i.__0vprintf$2) refers to printf2.o(i._printf_core) for _printf_core
    printf2.o(i.__0vprintf$2) refers to retarget.o(i.fputc) for fputc
    printf2.o(i.__0vprintf$2) refers to retarget.o(.data) for __stdout
    printf2.o(i.__0vsnprintf$2) refers to printf2.o(i._printf_core) for _printf_core
    printf2.o(i.__0vsnprintf$2) refers to printf2.o(i._snputc) for _snputc
    printf2.o(i.__0vsprintf$2) refers to printf2.o(i._printf_core) for _printf_core
    printf2.o(i.__0vsprintf$2) refers to printf2.o(i._sputc) for _sputc
    printf3.o(i.__0fprintf$3) refers to printf3.o(i._printf_core) for _printf_core
    printf3.o(i.__0fprintf$3) refers to retarget.o(i.fputc) for fputc
    printf3.o(i.__0printf$3) refers to printf3.o(i._printf_core) for _printf_core
    printf3.o(i.__0printf$3) refers to retarget.o(i.fputc) for fputc
    printf3.o(i.__0printf$3) refers to retarget.o(.data) for __stdout
    printf3.o(i.__0snprintf$3) refers to printf3.o(i._printf_core) for _printf_core
    printf3.o(i.__0snprintf$3) refers to printf3.o(i._snputc) for _snputc
    printf3.o(i.__0sprintf$3) refers to printf3.o(i._printf_core) for _printf_core
    printf3.o(i.__0sprintf$3) refers to printf3.o(i._sputc) for _sputc
    printf3.o(i.__0vfprintf$3) refers to printf3.o(i._printf_core) for _printf_core
    printf3.o(i.__0vfprintf$3) refers to retarget.o(i.fputc) for fputc
    printf3.o(i.__0vprintf$3) refers to printf3.o(i._printf_core) for _printf_core
    printf3.o(i.__0vprintf$3) refers to retarget.o(i.fputc) for fputc
    printf3.o(i.__0vprintf$3) refers to retarget.o(.data) for __stdout
    printf3.o(i.__0vsnprintf$3) refers to printf3.o(i._printf_core) for _printf_core
    printf3.o(i.__0vsnprintf$3) refers to printf3.o(i._snputc) for _snputc
    printf3.o(i.__0vsprintf$3) refers to printf3.o(i._printf_core) for _printf_core
    printf3.o(i.__0vsprintf$3) refers to printf3.o(i._sputc) for _sputc
    printf3.o(i._printf_core) refers to uidiv.o(.text) for __aeabi_uidivmod
    printf4.o(i.__0fprintf$4) refers to printf4.o(i._printf_core) for _printf_core
    printf4.o(i.__0fprintf$4) refers to retarget.o(i.fputc) for fputc
    printf4.o(i.__0printf$4) refers to printf4.o(i._printf_core) for _printf_core
    printf4.o(i.__0printf$4) refers to retarget.o(i.fputc) for fputc
    printf4.o(i.__0printf$4) refers to retarget.o(.data) for __stdout
    printf4.o(i.__0snprintf$4) refers to printf4.o(i._printf_core) for _printf_core
    printf4.o(i.__0snprintf$4) refers to printf4.o(i._snputc) for _snputc
    printf4.o(i.__0sprintf$4) refers to printf4.o(i._printf_core) for _printf_core
    printf4.o(i.__0sprintf$4) refers to printf4.o(i._sputc) for _sputc
    printf4.o(i.__0vfprintf$4) refers to printf4.o(i._printf_core) for _printf_core
    printf4.o(i.__0vfprintf$4) refers to retarget.o(i.fputc) for fputc
    printf4.o(i.__0vprintf$4) refers to printf4.o(i._printf_core) for _printf_core
    printf4.o(i.__0vprintf$4) refers to retarget.o(i.fputc) for fputc
    printf4.o(i.__0vprintf$4) refers to retarget.o(.data) for __stdout
    printf4.o(i.__0vsnprintf$4) refers to printf4.o(i._printf_core) for _printf_core
    printf4.o(i.__0vsnprintf$4) refers to printf4.o(i._snputc) for _snputc
    printf4.o(i.__0vsprintf$4) refers to printf4.o(i._printf_core) for _printf_core
    printf4.o(i.__0vsprintf$4) refers to printf4.o(i._sputc) for _sputc
    printf4.o(i._printf_core) refers to uldiv.o(.text) for __aeabi_uldivmod
    printf5.o(i.__0fprintf$5) refers to printf5.o(i._printf_core) for _printf_core
    printf5.o(i.__0fprintf$5) refers to retarget.o(i.fputc) for fputc
    printf5.o(i.__0printf$5) refers to printf5.o(i._printf_core) for _printf_core
    printf5.o(i.__0printf$5) refers to retarget.o(i.fputc) for fputc
    printf5.o(i.__0printf$5) refers to retarget.o(.data) for __stdout
    printf5.o(i.__0snprintf$5) refers to printf5.o(i._printf_core) for _printf_core
    printf5.o(i.__0snprintf$5) refers to printf5.o(i._snputc) for _snputc
    printf5.o(i.__0sprintf$5) refers to printf5.o(i._printf_core) for _printf_core
    printf5.o(i.__0sprintf$5) refers to printf5.o(i._sputc) for _sputc
    printf5.o(i.__0vfprintf$5) refers to printf5.o(i._printf_core) for _printf_core
    printf5.o(i.__0vfprintf$5) refers to retarget.o(i.fputc) for fputc
    printf5.o(i.__0vprintf$5) refers to printf5.o(i._printf_core) for _printf_core
    printf5.o(i.__0vprintf$5) refers to retarget.o(i.fputc) for fputc
    printf5.o(i.__0vprintf$5) refers to retarget.o(.data) for __stdout
    printf5.o(i.__0vsnprintf$5) refers to printf5.o(i._printf_core) for _printf_core
    printf5.o(i.__0vsnprintf$5) refers to printf5.o(i._snputc) for _snputc
    printf5.o(i.__0vsprintf$5) refers to printf5.o(i._printf_core) for _printf_core
    printf5.o(i.__0vsprintf$5) refers to printf5.o(i._sputc) for _sputc
    printf5.o(i._printf_core) refers to uldiv.o(.text) for __aeabi_uldivmod
    printf6.o(i.__0fprintf$6) refers to printf6.o(i._printf_core) for _printf_core
    printf6.o(i.__0fprintf$6) refers to retarget.o(i.fputc) for fputc
    printf6.o(i.__0printf$6) refers to printf6.o(i._printf_core) for _printf_core
    printf6.o(i.__0printf$6) refers to retarget.o(i.fputc) for fputc
    printf6.o(i.__0printf$6) refers to retarget.o(.data) for __stdout
    printf6.o(i.__0snprintf$6) refers to printf6.o(i._printf_core) for _printf_core
    printf6.o(i.__0snprintf$6) refers to printf6.o(i._snputc) for _snputc
    printf6.o(i.__0sprintf$6) refers to printf6.o(i._printf_core) for _printf_core
    printf6.o(i.__0sprintf$6) refers to printf6.o(i._sputc) for _sputc
    printf6.o(i.__0vfprintf$6) refers to printf6.o(i._printf_core) for _printf_core
    printf6.o(i.__0vfprintf$6) refers to retarget.o(i.fputc) for fputc
    printf6.o(i.__0vprintf$6) refers to printf6.o(i._printf_core) for _printf_core
    printf6.o(i.__0vprintf$6) refers to retarget.o(i.fputc) for fputc
    printf6.o(i.__0vprintf$6) refers to retarget.o(.data) for __stdout
    printf6.o(i.__0vsnprintf$6) refers to printf6.o(i._printf_core) for _printf_core
    printf6.o(i.__0vsnprintf$6) refers to printf6.o(i._snputc) for _snputc
    printf6.o(i.__0vsprintf$6) refers to printf6.o(i._printf_core) for _printf_core
    printf6.o(i.__0vsprintf$6) refers to printf6.o(i._sputc) for _sputc
    printf6.o(i._printf_core) refers to printf6.o(i._printf_pre_padding) for _printf_pre_padding
    printf6.o(i._printf_core) refers to uidiv.o(.text) for __aeabi_uidivmod
    printf6.o(i._printf_core) refers to printf6.o(i._printf_post_padding) for _printf_post_padding
    printf7.o(i.__0fprintf$7) refers to printf7.o(i._printf_core) for _printf_core
    printf7.o(i.__0fprintf$7) refers to retarget.o(i.fputc) for fputc
    printf7.o(i.__0printf$7) refers to printf7.o(i._printf_core) for _printf_core
    printf7.o(i.__0printf$7) refers to retarget.o(i.fputc) for fputc
    printf7.o(i.__0printf$7) refers to retarget.o(.data) for __stdout
    printf7.o(i.__0snprintf$7) refers to printf7.o(i._printf_core) for _printf_core
    printf7.o(i.__0snprintf$7) refers to printf7.o(i._snputc) for _snputc
    printf7.o(i.__0sprintf$7) refers to printf7.o(i._printf_core) for _printf_core
    printf7.o(i.__0sprintf$7) refers to printf7.o(i._sputc) for _sputc
    printf7.o(i.__0vfprintf$7) refers to printf7.o(i._printf_core) for _printf_core
    printf7.o(i.__0vfprintf$7) refers to retarget.o(i.fputc) for fputc
    printf7.o(i.__0vprintf$7) refers to printf7.o(i._printf_core) for _printf_core
    printf7.o(i.__0vprintf$7) refers to retarget.o(i.fputc) for fputc
    printf7.o(i.__0vprintf$7) refers to retarget.o(.data) for __stdout
    printf7.o(i.__0vsnprintf$7) refers to printf7.o(i._printf_core) for _printf_core
    printf7.o(i.__0vsnprintf$7) refers to printf7.o(i._snputc) for _snputc
    printf7.o(i.__0vsprintf$7) refers to printf7.o(i._printf_core) for _printf_core
    printf7.o(i.__0vsprintf$7) refers to printf7.o(i._sputc) for _sputc
    printf7.o(i._printf_core) refers to printf7.o(i._printf_pre_padding) for _printf_pre_padding
    printf7.o(i._printf_core) refers to uldiv.o(.text) for __aeabi_uldivmod
    printf7.o(i._printf_core) refers to printf7.o(i._printf_post_padding) for _printf_post_padding
    printf8.o(i.__0fprintf$8) refers to printf8.o(i._printf_core) for _printf_core
    printf8.o(i.__0fprintf$8) refers to retarget.o(i.fputc) for fputc
    printf8.o(i.__0printf$8) refers to printf8.o(i._printf_core) for _printf_core
    printf8.o(i.__0printf$8) refers to retarget.o(i.fputc) for fputc
    printf8.o(i.__0printf$8) refers to retarget.o(.data) for __stdout
    printf8.o(i.__0snprintf$8) refers to printf8.o(i._printf_core) for _printf_core
    printf8.o(i.__0snprintf$8) refers to printf8.o(i._snputc) for _snputc
    printf8.o(i.__0sprintf$8) refers to printf8.o(i._printf_core) for _printf_core
    printf8.o(i.__0sprintf$8) refers to printf8.o(i._sputc) for _sputc
    printf8.o(i.__0vfprintf$8) refers to printf8.o(i._printf_core) for _printf_core
    printf8.o(i.__0vfprintf$8) refers to retarget.o(i.fputc) for fputc
    printf8.o(i.__0vprintf$8) refers to printf8.o(i._printf_core) for _printf_core
    printf8.o(i.__0vprintf$8) refers to retarget.o(i.fputc) for fputc
    printf8.o(i.__0vprintf$8) refers to retarget.o(.data) for __stdout
    printf8.o(i.__0vsnprintf$8) refers to printf8.o(i._printf_core) for _printf_core
    printf8.o(i.__0vsnprintf$8) refers to printf8.o(i._snputc) for _snputc
    printf8.o(i.__0vsprintf$8) refers to printf8.o(i._printf_core) for _printf_core
    printf8.o(i.__0vsprintf$8) refers to printf8.o(i._sputc) for _sputc
    printf8.o(i._printf_core) refers to printf8.o(i._printf_pre_padding) for _printf_pre_padding
    printf8.o(i._printf_core) refers to uldiv.o(.text) for __aeabi_uldivmod
    printf8.o(i._printf_core) refers to printf8.o(i._printf_post_padding) for _printf_post_padding
    printfa.o(i.__0fprintf) refers (Special) to iusefp.o(.text) for __I$use$fp
    printfa.o(i.__0fprintf) refers to printfa.o(i._printf_core) for _printf_core
    printfa.o(i.__0fprintf) refers to retarget.o(i.fputc) for fputc
    printfa.o(i.__0printf) refers (Special) to iusefp.o(.text) for __I$use$fp
    printfa.o(i.__0printf) refers to printfa.o(i._printf_core) for _printf_core
    printfa.o(i.__0printf) refers to retarget.o(i.fputc) for fputc
    printfa.o(i.__0printf) refers to retarget.o(.data) for __stdout
    printfa.o(i.__0snprintf) refers (Special) to iusefp.o(.text) for __I$use$fp
    printfa.o(i.__0snprintf) refers to printfa.o(i._printf_core) for _printf_core
    printfa.o(i.__0snprintf) refers to printfa.o(i._snputc) for _snputc
    printfa.o(i.__0sprintf) refers (Special) to iusefp.o(.text) for __I$use$fp
    printfa.o(i.__0sprintf) refers to printfa.o(i._printf_core) for _printf_core
    printfa.o(i.__0sprintf) refers to printfa.o(i._sputc) for _sputc
    printfa.o(i.__0vfprintf) refers (Special) to iusefp.o(.text) for __I$use$fp
    printfa.o(i.__0vfprintf) refers to printfa.o(i._printf_core) for _printf_core
    printfa.o(i.__0vfprintf) refers to retarget.o(i.fputc) for fputc
    printfa.o(i.__0vprintf) refers (Special) to iusefp.o(.text) for __I$use$fp
    printfa.o(i.__0vprintf) refers to printfa.o(i._printf_core) for _printf_core
    printfa.o(i.__0vprintf) refers to retarget.o(i.fputc) for fputc
    printfa.o(i.__0vprintf) refers to retarget.o(.data) for __stdout
    printfa.o(i.__0vsnprintf) refers (Special) to iusefp.o(.text) for __I$use$fp
    printfa.o(i.__0vsnprintf) refers to printfa.o(i._printf_core) for _printf_core
    printfa.o(i.__0vsnprintf) refers to printfa.o(i._snputc) for _snputc
    printfa.o(i.__0vsprintf) refers (Special) to iusefp.o(.text) for __I$use$fp
    printfa.o(i.__0vsprintf) refers to printfa.o(i._printf_core) for _printf_core
    printfa.o(i.__0vsprintf) refers to printfa.o(i._sputc) for _sputc
    printfa.o(i._fp_digits) refers (Special) to iusefp.o(.text) for __I$use$fp
    printfa.o(i._fp_digits) refers to dmul.o(.text) for __aeabi_dmul
    printfa.o(i._fp_digits) refers to ddiv.o(.text) for __aeabi_ddiv
    printfa.o(i._fp_digits) refers to cdrcmple.o(.text) for __aeabi_cdrcmple
    printfa.o(i._fp_digits) refers to dadd.o(.text) for __aeabi_dadd
    printfa.o(i._fp_digits) refers to dfixul.o(.text) for __aeabi_d2ulz
    printfa.o(i._fp_digits) refers to uldiv.o(.text) for __aeabi_uldivmod
    printfa.o(i._printf_core) refers (Special) to iusefp.o(.text) for __I$use$fp
    printfa.o(i._printf_core) refers to printfa.o(i._printf_pre_padding) for _printf_pre_padding
    printfa.o(i._printf_core) refers to uldiv.o(.text) for __aeabi_uldivmod
    printfa.o(i._printf_core) refers to printfa.o(i._printf_post_padding) for _printf_post_padding
    printfa.o(i._printf_core) refers to printfa.o(i._fp_digits) for _fp_digits
    printfa.o(i._printf_core) refers to uidiv.o(.text) for __aeabi_uidivmod
    printfa.o(i._printf_post_padding) refers (Special) to iusefp.o(.text) for __I$use$fp
    printfa.o(i._printf_pre_padding) refers (Special) to iusefp.o(.text) for __I$use$fp
    printfa.o(i._snputc) refers (Special) to iusefp.o(.text) for __I$use$fp
    printfa.o(i._sputc) refers (Special) to iusefp.o(.text) for __I$use$fp
    entry2.o(.ARM.Collect$$$$00000001) refers to entry2.o(.ARM.Collect$$$$00002712) for __lit__00000000
    entry2.o(.ARM.Collect$$$$00002712) refers to startup_m480.o(STACK) for __initial_sp
    entry2.o(__vectab_stack_and_reset_area) refers to startup_m480.o(STACK) for __initial_sp
    entry2.o(__vectab_stack_and_reset_area) refers to entry.o(.ARM.Collect$$$$00000000) for __main
    entry5.o(.ARM.Collect$$$$00000004) refers to init.o(.text) for __scatterload
    entry9a.o(.ARM.Collect$$$$0000000B) refers to main.o(i.main) for main
    entry9b.o(.ARM.Collect$$$$0000000C) refers to main.o(i.main) for main
    dadd.o(.text) refers to llshl.o(.text) for __aeabi_llsl
    dadd.o(.text) refers to llsshr.o(.text) for __aeabi_lasr
    dadd.o(.text) refers to depilogue.o(.text) for _double_epilogue
    dmul.o(.text) refers to depilogue.o(.text) for _double_epilogue
    ddiv.o(.text) refers to depilogue.o(.text) for _double_round
    dfixul.o(.text) refers to llushr.o(.text) for __aeabi_llsr
    dfixul.o(.text) refers to llshl.o(.text) for __aeabi_llsl
    init.o(.text) refers to entry5.o(.ARM.Collect$$$$00000004) for __main_after_scatterload
    depilogue.o(.text) refers to llshl.o(.text) for __aeabi_llsl
    depilogue.o(.text) refers to llushr.o(.text) for __aeabi_llsr


==============================================================================

Removing Unused input sections from the image.

    Removing system_m480.o(.rev16_text), (4 bytes).
    Removing system_m480.o(.revsh_text), (4 bytes).
    Removing system_m480.o(.rrx_text), (6 bytes).
    Removing startup_m480.o(HEAP), (256 bytes).
    Removing main.o(.rev16_text), (4 bytes).
    Removing main.o(.revsh_text), (4 bytes).
    Removing main.o(.rrx_text), (6 bytes).
    Removing fmc_user.o(.rev16_text), (4 bytes).
    Removing fmc_user.o(.revsh_text), (4 bytes).
    Removing fmc_user.o(.rrx_text), (6 bytes).
    Removing fmc_user.o(i.FMC_Write_User), (16 bytes).
    Removing isp_user.o(.rev16_text), (4 bytes).
    Removing isp_user.o(.revsh_text), (4 bytes).
    Removing isp_user.o(.rrx_text), (6 bytes).
    Removing targetdev.o(.rev16_text), (4 bytes).
    Removing targetdev.o(.revsh_text), (4 bytes).
    Removing targetdev.o(.rrx_text), (6 bytes).
    Removing targetdev.o(i.GetApromSize), (26 bytes).
    Removing uart_transfer.o(.rev16_text), (4 bytes).
    Removing uart_transfer.o(.revsh_text), (4 bytes).
    Removing uart_transfer.o(.rrx_text), (6 bytes).
    Removing fmc.o(.rev16_text), (4 bytes).
    Removing fmc.o(.revsh_text), (4 bytes).
    Removing fmc.o(.rrx_text), (6 bytes).
    Removing fmc.o(i.FMC_CheckAllOne), (88 bytes).
    Removing fmc.o(i.FMC_Close), (16 bytes).
    Removing fmc.o(i.FMC_CompareSPKey), (76 bytes).
    Removing fmc.o(i.FMC_ConfigXOM), (148 bytes).
    Removing fmc.o(i.FMC_Erase), (64 bytes).
    Removing fmc.o(i.FMC_EraseXOM), (116 bytes).
    Removing fmc.o(i.FMC_Erase_Bank), (48 bytes).
    Removing fmc.o(i.FMC_Erase_Block), (48 bytes).
    Removing fmc.o(i.FMC_Erase_SPROM), (56 bytes).
    Removing fmc.o(i.FMC_GetBootSource), (32 bytes).
    Removing fmc.o(i.FMC_GetChkSum), (56 bytes).
    Removing fmc.o(i.FMC_GetXOMState), (36 bytes).
    Removing fmc.o(i.FMC_Is_OTP_Locked), (76 bytes).
    Removing fmc.o(i.FMC_Lock_OTP), (68 bytes).
    Removing fmc.o(i.FMC_ReadConfig), (44 bytes).
    Removing fmc.o(i.FMC_ReadDataFlashBaseAddr), (12 bytes).
    Removing fmc.o(i.FMC_Read_64), (64 bytes).
    Removing fmc.o(i.FMC_Read_OTP), (80 bytes).
    Removing fmc.o(i.FMC_SetBootSource), (28 bytes).
    Removing fmc.o(i.FMC_SetSPKey), (252 bytes).
    Removing fmc.o(i.FMC_Write), (28 bytes).
    Removing fmc.o(i.FMC_Write8Bytes), (56 bytes).
    Removing fmc.o(i.FMC_WriteConfig), (140 bytes).
    Removing fmc.o(i.FMC_WriteMultiple), (220 bytes).
    Removing fmc.o(i.FMC_Write_OTP), (104 bytes).
    Removing clk.o(.rev16_text), (4 bytes).
    Removing clk.o(.revsh_text), (4 bytes).
    Removing clk.o(.rrx_text), (6 bytes).
    Removing clk.o(i.CLK_DisableCKO), (12 bytes).
    Removing clk.o(i.CLK_DisableModuleClock), (28 bytes).
    Removing clk.o(i.CLK_DisablePLL), (18 bytes).
    Removing clk.o(i.CLK_DisableSysTick), (10 bytes).
    Removing clk.o(i.CLK_DisableXtalRC), (16 bytes).
    Removing clk.o(i.CLK_EnableCKO), (48 bytes).
    Removing clk.o(i.CLK_EnableDPDWKPin), (26 bytes).
    Removing clk.o(i.CLK_EnablePLL), (340 bytes).
    Removing clk.o(i.CLK_EnableSPDWKPin), (36 bytes).
    Removing clk.o(i.CLK_EnableSysTick), (56 bytes).
    Removing clk.o(i.CLK_EnableXtalRC), (16 bytes).
    Removing clk.o(i.CLK_GetHCLKFreq), (16 bytes).
    Removing clk.o(i.CLK_GetModuleClockDivider), (96 bytes).
    Removing clk.o(i.CLK_GetModuleClockSource), (144 bytes).
    Removing clk.o(i.CLK_GetPMUWKSrc), (10 bytes).
    Removing clk.o(i.CLK_Idle), (32 bytes).
    Removing clk.o(i.CLK_PowerDown), (48 bytes).
    Removing clk.o(i.CLK_SetCoreClock), (132 bytes).
    Removing clk.o(i.CLK_SetHCLK), (98 bytes).
    Removing clk.o(i.CLK_SetPowerDownMode), (102 bytes).
    Removing clk.o(i.CLK_SetSysTickClockSrc), (20 bytes).
    Removing clk.o(i.CLK_WaitClockReady), (44 bytes).
    Removing clk.o(.constdata), (32 bytes).
    Removing retarget.o(.rev16_text), (4 bytes).
    Removing retarget.o(.revsh_text), (4 bytes).
    Removing retarget.o(.rrx_text), (6 bytes).
    Removing retarget.o(i.IsDebugFifoEmpty), (16 bytes).
    Removing retarget.o(i._ttywrch), (4 bytes).
    Removing retarget.o(i.ferror), (6 bytes).
    Removing retarget.o(i.fgetc), (20 bytes).
    Removing retarget.o(i.kbhit), (16 bytes).
    Removing retarget.o(.data), (4 bytes).
    Removing uart.o(.rev16_text), (4 bytes).
    Removing uart.o(.revsh_text), (4 bytes).
    Removing uart.o(.rrx_text), (6 bytes).
    Removing uart.o(i.UART_Close), (6 bytes).
    Removing uart.o(i.UART_DisableFlowCtrl), (10 bytes).
    Removing uart.o(i.UART_DisableInt), (8 bytes).
    Removing uart.o(i.UART_EnableFlowCtrl), (26 bytes).
    Removing uart.o(i.UART_EnableInt), (8 bytes).
    Removing uart.o(i.UART_Read), (46 bytes).
    Removing uart.o(i.UART_SelectIrDAMode), (276 bytes).
    Removing uart.o(i.UART_SelectLINMode), (22 bytes).
    Removing uart.o(i.UART_SelectRS485Mode), (32 bytes).
    Removing uart.o(i.UART_SetLineConfig), (276 bytes).
    Removing uart.o(i.UART_Write), (46 bytes).
    Removing sys.o(.rev16_text), (4 bytes).
    Removing sys.o(.revsh_text), (4 bytes).
    Removing sys.o(.rrx_text), (6 bytes).
    Removing sys.o(i.SYS_DisableBOD), (14 bytes).
    Removing sys.o(i.SYS_EnableBOD), (34 bytes).
    Removing sys.o(i.SYS_GetBODStatus), (12 bytes).
    Removing sys.o(i.SYS_IsRegLocked), (16 bytes).
    Removing sys.o(i.SYS_ReadPDID), (8 bytes).
    Removing sys.o(i.SYS_ResetCPU), (14 bytes).
    Removing sys.o(i.SYS_SetPowerLevel), (20 bytes).
    Removing sys.o(i.SYS_SetVRef), (16 bytes).
    Removing timer.o(.rev16_text), (4 bytes).
    Removing timer.o(.revsh_text), (4 bytes).
    Removing timer.o(.rrx_text), (6 bytes).
    Removing timer.o(i.TIMER_Close), (8 bytes).
    Removing timer.o(i.TIMER_Delay), (132 bytes).
    Removing timer.o(i.TIMER_DisableCapture), (10 bytes).
    Removing timer.o(i.TIMER_DisableEventCounter), (10 bytes).
    Removing timer.o(i.TIMER_DisableFreqCounter), (10 bytes).
    Removing timer.o(i.TIMER_EnableCapture), (22 bytes).
    Removing timer.o(i.TIMER_EnableEventCounter), (20 bytes).
    Removing timer.o(i.TIMER_EnableFreqCounter), (52 bytes).
    Removing timer.o(i.TIMER_SetTriggerSource), (12 bytes).
    Removing timer.o(i.TIMER_SetTriggerTarget), (12 bytes).
    Removing gpio.o(.rev16_text), (4 bytes).
    Removing gpio.o(.revsh_text), (4 bytes).
    Removing gpio.o(.rrx_text), (6 bytes).
    Removing gpio.o(i.GPIO_DisableInt), (24 bytes).
    Removing gpio.o(i.GPIO_EnableInt), (40 bytes).
    Removing gpio.o(i.GPIO_SetMode), (44 bytes).
    Removing gpio.o(i.GPIO_SetPullCtl), (44 bytes).
    Removing gpio.o(i.GPIO_SetSlewCtl), (44 bytes).
    Removing crc.o(.rev16_text), (4 bytes).
    Removing crc.o(.revsh_text), (4 bytes).
    Removing crc.o(.rrx_text), (6 bytes).
    Removing rtc.o(.rev16_text), (4 bytes).
    Removing rtc.o(.revsh_text), (4 bytes).
    Removing rtc.o(.rrx_text), (6 bytes).
    Removing rtc.o(i.RTC_32KCalibration), (128 bytes).
    Removing rtc.o(i.RTC_Close), (18 bytes).
    Removing rtc.o(i.RTC_DisableInt), (28 bytes).
    Removing rtc.o(i.RTC_DisableSpareRegister), (24 bytes).
    Removing rtc.o(i.RTC_DynamicTamperConfig), (72 bytes).
    Removing rtc.o(i.RTC_DynamicTamperDisable), (96 bytes).
    Removing rtc.o(i.RTC_DynamicTamperEnable), (156 bytes).
    Removing rtc.o(i.RTC_EnableInt), (24 bytes).
    Removing rtc.o(i.RTC_GetAlarmDateAndTime), (252 bytes).
    Removing rtc.o(i.RTC_GetDateAndTime), (236 bytes).
    Removing rtc.o(i.RTC_GetDayOfWeek), (16 bytes).
    Removing rtc.o(i.RTC_Open), (40 bytes).
    Removing rtc.o(i.RTC_SetAlarmDate), (80 bytes).
    Removing rtc.o(i.RTC_SetAlarmDateAndTime), (196 bytes).
    Removing rtc.o(i.RTC_SetAlarmDateMask), (56 bytes).
    Removing rtc.o(i.RTC_SetAlarmTime), (108 bytes).
    Removing rtc.o(i.RTC_SetAlarmTimeMask), (56 bytes).
    Removing rtc.o(i.RTC_SetDate), (92 bytes).
    Removing rtc.o(i.RTC_SetDateAndTime), (204 bytes).
    Removing rtc.o(i.RTC_SetTickPeriod), (28 bytes).
    Removing rtc.o(i.RTC_SetTime), (108 bytes).
    Removing rtc.o(i.RTC_StaticTamperDisable), (56 bytes).
    Removing rtc.o(i.RTC_StaticTamperEnable), (88 bytes).
    Removing rtc.o(.data), (48 bytes).
    Removing dadd.o(.text), (334 bytes).
    Removing dmul.o(.text), (228 bytes).
    Removing ddiv.o(.text), (222 bytes).
    Removing dfixul.o(.text), (48 bytes).
    Removing cdrcmple.o(.text), (48 bytes).
    Removing depilogue.o(.text), (186 bytes).

166 unused section(s) (total 8560 bytes) removed from the image.

==============================================================================

Image Symbol Table

    Local Symbols

    Symbol Name                              Value     Ov Type        Size  Object(Section)

    ../clib/microlib/division.c              0x00000000   Number         0  uldiv.o ABSOLUTE
    ../clib/microlib/division.c              0x00000000   Number         0  uidiv.o ABSOLUTE
    ../clib/microlib/init/entry.s            0x00000000   Number         0  entry2.o ABSOLUTE
    ../clib/microlib/init/entry.s            0x00000000   Number         0  entry9a.o ABSOLUTE
    ../clib/microlib/init/entry.s            0x00000000   Number         0  entry7b.o ABSOLUTE
    ../clib/microlib/init/entry.s            0x00000000   Number         0  entry5.o ABSOLUTE
    ../clib/microlib/init/entry.s            0x00000000   Number         0  entry8b.o ABSOLUTE
    ../clib/microlib/init/entry.s            0x00000000   Number         0  entry7a.o ABSOLUTE
    ../clib/microlib/init/entry.s            0x00000000   Number         0  entry.o ABSOLUTE
    ../clib/microlib/init/entry.s            0x00000000   Number         0  entry8a.o ABSOLUTE
    ../clib/microlib/init/entry.s            0x00000000   Number         0  entry11b.o ABSOLUTE
    ../clib/microlib/init/entry.s            0x00000000   Number         0  entry11a.o ABSOLUTE
    ../clib/microlib/init/entry.s            0x00000000   Number         0  entry10b.o ABSOLUTE
    ../clib/microlib/init/entry.s            0x00000000   Number         0  entry10a.o ABSOLUTE
    ../clib/microlib/init/entry.s            0x00000000   Number         0  entry9b.o ABSOLUTE
    ../clib/microlib/longlong.c              0x00000000   Number         0  llsshr.o ABSOLUTE
    ../clib/microlib/longlong.c              0x00000000   Number         0  llshl.o ABSOLUTE
    ../clib/microlib/longlong.c              0x00000000   Number         0  llushr.o ABSOLUTE
    ../clib/microlib/printf/printf.c         0x00000000   Number         0  printf0.o ABSOLUTE
    ../clib/microlib/printf/printf.c         0x00000000   Number         0  printfb.o ABSOLUTE
    ../clib/microlib/printf/printf.c         0x00000000   Number         0  printf1.o ABSOLUTE
    ../clib/microlib/printf/printf.c         0x00000000   Number         0  printf2.o ABSOLUTE
    ../clib/microlib/printf/printf.c         0x00000000   Number         0  printf3.o ABSOLUTE
    ../clib/microlib/printf/printf.c         0x00000000   Number         0  printf4.o ABSOLUTE
    ../clib/microlib/printf/printf.c         0x00000000   Number         0  printf8.o ABSOLUTE
    ../clib/microlib/printf/printf.c         0x00000000   Number         0  printf5.o ABSOLUTE
    ../clib/microlib/printf/printf.c         0x00000000   Number         0  printfa.o ABSOLUTE
    ../clib/microlib/printf/printf.c         0x00000000   Number         0  printf6.o ABSOLUTE
    ../clib/microlib/printf/printf.c         0x00000000   Number         0  printf7.o ABSOLUTE
    ../clib/microlib/printf/stubs.s          0x00000000   Number         0  stubs.o ABSOLUTE
    ../clib/microlib/string/memcpy.c         0x00000000   Number         0  memcpyb.o ABSOLUTE
    ../clib/microlib/string/memcpy.c         0x00000000   Number         0  memcpya.o ABSOLUTE
    ../clib/microlib/string/memset.c         0x00000000   Number         0  memseta.o ABSOLUTE
    ../clib/microlib/stubs.s                 0x00000000   Number         0  iusefp.o ABSOLUTE
    ../fplib/microlib/fpadd.c                0x00000000   Number         0  dadd.o ABSOLUTE
    ../fplib/microlib/fpdiv.c                0x00000000   Number         0  ddiv.o ABSOLUTE
    ../fplib/microlib/fpepilogue.c           0x00000000   Number         0  depilogue.o ABSOLUTE
    ../fplib/microlib/fpfix.c                0x00000000   Number         0  dfixul.o ABSOLUTE
    ../fplib/microlib/fpmul.c                0x00000000   Number         0  dmul.o ABSOLUTE
    ..\..\..\..\Library\Device\Nuvoton\M480\Source\ARM\startup_M480.s 0x00000000   Number         0  startup_m480.o ABSOLUTE
    ..\..\..\..\Library\Device\Nuvoton\M480\Source\system_M480.c 0x00000000   Number         0  system_m480.o ABSOLUTE
    ..\..\..\..\Library\StdDriver\src\clk.c  0x00000000   Number         0  clk.o ABSOLUTE
    ..\..\..\..\Library\StdDriver\src\crc.c  0x00000000   Number         0  crc.o ABSOLUTE
    ..\..\..\..\Library\StdDriver\src\fmc.c  0x00000000   Number         0  fmc.o ABSOLUTE
    ..\..\..\..\Library\StdDriver\src\gpio.c 0x00000000   Number         0  gpio.o ABSOLUTE
    ..\..\..\..\Library\StdDriver\src\retarget.c 0x00000000   Number         0  retarget.o ABSOLUTE
    ..\..\..\..\Library\StdDriver\src\rtc.c  0x00000000   Number         0  rtc.o ABSOLUTE
    ..\..\..\..\Library\StdDriver\src\sys.c  0x00000000   Number         0  sys.o ABSOLUTE
    ..\..\..\..\Library\StdDriver\src\timer.c 0x00000000   Number         0  timer.o ABSOLUTE
    ..\..\..\..\Library\StdDriver\src\uart.c 0x00000000   Number         0  uart.o ABSOLUTE
    ..\\..\\..\\..\\Library\\Device\\Nuvoton\\M480\\Source\\system_M480.c 0x00000000   Number         0  system_m480.o ABSOLUTE
    ..\\..\\..\\..\\Library\\StdDriver\\src\\clk.c 0x00000000   Number         0  clk.o ABSOLUTE
    ..\\..\\..\\..\\Library\\StdDriver\\src\\crc.c 0x00000000   Number         0  crc.o ABSOLUTE
    ..\\..\\..\\..\\Library\\StdDriver\\src\\fmc.c 0x00000000   Number         0  fmc.o ABSOLUTE
    ..\\..\\..\\..\\Library\\StdDriver\\src\\gpio.c 0x00000000   Number         0  gpio.o ABSOLUTE
    ..\\..\\..\\..\\Library\\StdDriver\\src\\retarget.c 0x00000000   Number         0  retarget.o ABSOLUTE
    ..\\..\\..\\..\\Library\\StdDriver\\src\\rtc.c 0x00000000   Number         0  rtc.o ABSOLUTE
    ..\\..\\..\\..\\Library\\StdDriver\\src\\sys.c 0x00000000   Number         0  sys.o ABSOLUTE
    ..\\..\\..\\..\\Library\\StdDriver\\src\\timer.c 0x00000000   Number         0  timer.o ABSOLUTE
    ..\\..\\..\\..\\Library\\StdDriver\\src\\uart.c 0x00000000   Number         0  uart.o ABSOLUTE
    ..\\fmc_user.c                           0x00000000   Number         0  fmc_user.o ABSOLUTE
    ..\\isp_user.c                           0x00000000   Number         0  isp_user.o ABSOLUTE
    ..\\main.c                               0x00000000   Number         0  main.o ABSOLUTE
    ..\\targetdev.c                          0x00000000   Number         0  targetdev.o ABSOLUTE
    ..\\uart_transfer.c                      0x00000000   Number         0  uart_transfer.o ABSOLUTE
    ..\fmc_user.c                            0x00000000   Number         0  fmc_user.o ABSOLUTE
    ..\isp_user.c                            0x00000000   Number         0  isp_user.o ABSOLUTE
    ..\main.c                                0x00000000   Number         0  main.o ABSOLUTE
    ..\targetdev.c                           0x00000000   Number         0  targetdev.o ABSOLUTE
    ..\uart_transfer.c                       0x00000000   Number         0  uart_transfer.o ABSOLUTE
    cdrcmple.s                               0x00000000   Number         0  cdrcmple.o ABSOLUTE
    dc.s                                     0x00000000   Number         0  dc.o ABSOLUTE
    handlers.s                               0x00000000   Number         0  handlers.o ABSOLUTE
    init.s                                   0x00000000   Number         0  init.o ABSOLUTE
    .ARM.Collect$$$$00000000                 0x0001e000   Section        0  entry.o(.ARM.Collect$$$$00000000)
    .ARM.Collect$$$$00000001                 0x0001e000   Section        4  entry2.o(.ARM.Collect$$$$00000001)
    .ARM.Collect$$$$00000004                 0x0001e004   Section        4  entry5.o(.ARM.Collect$$$$00000004)
    .ARM.Collect$$$$00000008                 0x0001e008   Section        0  entry7b.o(.ARM.Collect$$$$00000008)
    .ARM.Collect$$$$0000000A                 0x0001e008   Section        0  entry8b.o(.ARM.Collect$$$$0000000A)
    .ARM.Collect$$$$0000000B                 0x0001e008   Section        8  entry9a.o(.ARM.Collect$$$$0000000B)
    .ARM.Collect$$$$0000000D                 0x0001e010   Section        0  entry10a.o(.ARM.Collect$$$$0000000D)
    .ARM.Collect$$$$0000000F                 0x0001e010   Section        0  entry11a.o(.ARM.Collect$$$$0000000F)
    .ARM.Collect$$$$00002712                 0x0001e010   Section        4  entry2.o(.ARM.Collect$$$$00002712)
    __lit__00000000                          0x0001e010   Data           4  entry2.o(.ARM.Collect$$$$00002712)
    .emb_text                                0x0001e014   Section       28  retarget.o(.emb_text)
    $v0                                      0x0001e014   Number         0  retarget.o(.emb_text)
    .text                                    0x0001e030   Section      104  startup_m480.o(.text)
    $v0                                      0x0001e030   Number         0  startup_m480.o(.text)
    Default_Handler                          0x0001e083   Thumb Code     2  startup_m480.o(.text)
    .text                                    0x0001e098   Section        0  uldiv.o(.text)
    .text                                    0x0001e0fa   Section        0  memcpya.o(.text)
    .text                                    0x0001e11e   Section        0  llushr.o(.text)
    i.CLK_GetCPUFreq                         0x0001e140   Section        0  clk.o(i.CLK_GetCPUFreq)
    i.CLK_GetLXTFreq                         0x0001e150   Section        0  clk.o(i.CLK_GetLXTFreq)
    i.CLK_GetPLLClockFreq                    0x0001e168   Section        0  clk.o(i.CLK_GetPLLClockFreq)
    i.CLK_SetModuleClock                     0x0001e1b8   Section        0  clk.o(i.CLK_SetModuleClock)
    i.CRC_Open                               0x0001e24c   Section        0  crc.o(i.CRC_Open)
    i.DEBUG_UART_Init                        0x0001e26c   Section        0  main.o(i.DEBUG_UART_Init)
    i.EraseAP                                0x0001e3cc   Section        0  fmc_user.o(i.EraseAP)
    i.FMC_Erase_User                         0x0001e430   Section        0  fmc_user.o(i.FMC_Erase_User)
    i.FMC_Proc                               0x0001e43c   Section        0  fmc_user.o(i.FMC_Proc)
    i.FMC_Read                               0x0001e48c   Section        0  fmc.o(i.FMC_Read)
    i.Hard_Fault_Handler                     0x0001e4a8   Section        0  retarget.o(i.Hard_Fault_Handler)
    __tagsym$$used                           0x0001e4a9   Number         0  retarget.o(i.Hard_Fault_Handler)
    i.RTC_EnableSpareAccess                  0x0001e4d0   Section        0  rtc.o(i.RTC_EnableSpareAccess)
    i.ReadData                               0x0001e4e8   Section        0  fmc_user.o(i.ReadData)
    i.SYS_GetResetSrc                        0x0001e4f4   Section        0  sys.o(i.SYS_GetResetSrc)
    i.SYS_UnlockReg                          0x0001e4fc   Section        0  main.o(i.SYS_UnlockReg)
    SYS_UnlockReg                            0x0001e4fd   Thumb Code    32  main.o(i.SYS_UnlockReg)
    i.SendChar                               0x0001e51c   Section        0  retarget.o(i.SendChar)
    SendChar                                 0x0001e51d   Thumb Code    26  retarget.o(i.SendChar)
    i.SystemCoreClockUpdate                  0x0001e53c   Section        0  system_m480.o(i.SystemCoreClockUpdate)
    i.SystemInit                             0x0001e584   Section        0  system_m480.o(i.SystemInit)
    i.TIMER1_Init                            0x0001e5fc   Section        0  main.o(i.TIMER1_Init)
    i.TIMER_Open                             0x0001e620   Section        0  timer.o(i.TIMER_Open)
    i.UART1_IRQHandler                       0x0001e658   Section        0  main.o(i.UART1_IRQHandler)
    i.UART_Open                              0x0001e68c   Section        0  uart.o(i.UART_Open)
    i.UART_SetTimeoutCnt                     0x0001e7a4   Section        0  uart.o(i.UART_SetTimeoutCnt)
    i.__scatterload_copy                     0x0001e7b8   Section       14  handlers.o(i.__scatterload_copy)
    i.__scatterload_null                     0x0001e7c6   Section        2  handlers.o(i.__scatterload_null)
    i.__scatterload_zeroinit                 0x0001e7c8   Section       14  handlers.o(i.__scatterload_zeroinit)
    i._printf_core                           0x0001e7d8   Section        0  printf8.o(i._printf_core)
    _printf_core                             0x0001e7d9   Thumb Code   996  printf8.o(i._printf_core)
    i._printf_post_padding                   0x0001ebe8   Section        0  printf8.o(i._printf_post_padding)
    _printf_post_padding                     0x0001ebe9   Thumb Code    36  printf8.o(i._printf_post_padding)
    i.caculate_crc32_checksum                0x0001ec0c   Section        0  main.o(i.caculate_crc32_checksum)
    i.fputc                                  0x0001ec4c   Section        0  retarget.o(i.fputc)
    i.main                                   0x0001ec58   Section        0  main.o(i.main)
    i.rtc_read_magic_tag                     0x0001ee2c   Section        0  isp_user.o(i.rtc_read_magic_tag)
    .constdata                               0x0001ee80   Section       48  uart.o(.constdata)
    RESET                                    0x00100000   Section      500  startup_m480.o(RESET)
    .text                                    0x001001f4   Section        0  memseta.o(.text)
    .text                                    0x00100218   Section        0  llshl.o(.text)
    .text                                    0x00100238   Section       36  init.o(.text)
    i.CLK_EnableModuleClock                  0x0010025c   Section        0  clk.o(i.CLK_EnableModuleClock)
    i.CLK_GetHXTFreq                         0x00100278   Section        0  clk.o(i.CLK_GetHXTFreq)
    i.CLK_GetPCLK0Freq                       0x0010028c   Section        0  clk.o(i.CLK_GetPCLK0Freq)
    i.CLK_GetPCLK1Freq                       0x001002f0   Section        0  clk.o(i.CLK_GetPCLK1Freq)
    i.CRC_GetChecksum                        0x00100358   Section        0  crc.o(i.CRC_GetChecksum)
    i.Checksum                               0x0010038c   Section        0  isp_user.o(i.Checksum)
    Checksum                                 0x0010038d   Thumb Code    24  isp_user.o(i.Checksum)
    i.FMC_Open                               0x001003a4   Section        0  fmc.o(i.FMC_Open)
    i.FMC_Read_User                          0x001003b4   Section        0  fmc_user.o(i.FMC_Read_User)
    i.GetDataFlashInfo                       0x001003c0   Section        0  targetdev.o(i.GetDataFlashInfo)
    i.ISP_UART_Init                          0x00100418   Section        0  uart_transfer.o(i.ISP_UART_Init)
    i.NVIC_EnableIRQ                         0x00100460   Section        0  main.o(i.NVIC_EnableIRQ)
    NVIC_EnableIRQ                           0x00100461   Thumb Code    22  main.o(i.NVIC_EnableIRQ)
    i.ParseCmd                               0x00100478   Section        0  isp_user.o(i.ParseCmd)
    i.PutString                              0x0010071c   Section        0  uart_transfer.o(i.PutString)
    i.RTC_WaitAccessEnable                   0x0010073c   Section        0  rtc.o(i.RTC_WaitAccessEnable)
    RTC_WaitAccessEnable                     0x0010073d   Thumb Code    34  rtc.o(i.RTC_WaitAccessEnable)
    i.SYS_ClearResetSrc                      0x00100764   Section        0  sys.o(i.SYS_ClearResetSrc)
    i.SYS_Init                               0x00100770   Section        0  main.o(i.SYS_Init)
    i.SYS_ResetChip                          0x00100870   Section        0  sys.o(i.SYS_ResetChip)
    i.SYS_ResetModule                        0x00100880   Section        0  sys.o(i.SYS_ResetModule)
    i.TIMER_GetModuleClock                   0x00100898   Section        0  timer.o(i.TIMER_GetModuleClock)
    i.TMR1_IRQHandler                        0x00100910   Section        0  main.o(i.TMR1_IRQHandler)
    i.UART0_IRQHandler                       0x00100934   Section        0  uart_transfer.o(i.UART0_IRQHandler)
    i.UART_ClearIntFlag                      0x00100980   Section        0  uart.o(i.UART_ClearIntFlag)
    i.UARTx_Process                          0x001009bc   Section        0  main.o(i.UARTx_Process)
    i.UpdateConfig                           0x001009f8   Section        0  fmc_user.o(i.UpdateConfig)
    i.WriteData                              0x00100a48   Section        0  fmc_user.o(i.WriteData)
    i.__0printf$8                            0x00100a54   Section        0  printf8.o(i.__0printf$8)
    i._printf_pre_padding                    0x00100a74   Section        0  printf8.o(i._printf_pre_padding)
    _printf_pre_padding                      0x00100a75   Thumb Code    46  printf8.o(i._printf_pre_padding)
    i.check_reset_source                     0x00100aa4   Section        0  main.o(i.check_reset_source)
    i.rtc_write_magic_tag                    0x00100c44   Section        0  isp_user.o(i.rtc_write_magic_tag)
    i.stackDump                              0x00100c98   Section        0  retarget.o(i.stackDump)
    stackDump                                0x00100c99   Thumb Code    72  retarget.o(i.stackDump)
    i.verify_application_chksum              0x00100d40   Section        0  main.o(i.verify_application_chksum)
    .constdata                               0x00100e60   Section       32  timer.o(.constdata)
    .data                                    0x20000000   Section       44  system_m480.o(.data)
    .data                                    0x2000002c   Section        4  main.o(.data)
    .data                                    0x20000030   Section       44  isp_user.o(.data)
    StartAddress                             0x20000030   Data           4  isp_user.o(.data)
    StartAddress_bak                         0x20000034   Data           4  isp_user.o(.data)
    TotalLen                                 0x20000038   Data           4  isp_user.o(.data)
    TotalLen_bak                             0x2000003c   Data           4  isp_user.o(.data)
    LastDataLen                              0x20000040   Data           4  isp_user.o(.data)
    g_packno                                 0x20000044   Data           4  isp_user.o(.data)
    gcmd                                     0x20000048   Data           4  isp_user.o(.data)
    .data                                    0x2000005c   Section        2  uart_transfer.o(.data)
    .data                                    0x20000060   Section        4  retarget.o(.data)
    .bss                                     0x20000064   Section     4160  isp_user.o(.bss)
    aprom_buf                                0x200000a4   Data        4096  isp_user.o(.bss)
    .bss                                     0x200010a4   Section       64  uart_transfer.o(.bss)
    STACK                                    0x200010e8   Section     2048  startup_m480.o(STACK)

    Global Symbols

    Symbol Name                              Value     Ov Type        Size  Object(Section)

    BuildAttributes$$THM_ISAv4$E$P$D$K$B$S$7EM$VFPi3$EXTD16$VFPS$VFMA$PE$A:L22UL41UL21$X:L11$S22US41US21$IEEE1$IW$USESV6$~STKCKD$USESV7$~SHL$OSPACE$ROPI$EBA8$MICROLIB$REQ8$PRES8$EABIv2 0x00000000   Number         0  anon$$obj.o ABSOLUTE
    __ARM_use_no_argv                        0x00000000   Number         0  main.o ABSOLUTE
    _printf_a                                0x00000000   Number         0  stubs.o ABSOLUTE
    _printf_c                                0x00000000   Number         0  stubs.o ABSOLUTE
    _printf_charcount                        0x00000000   Number         0  stubs.o ABSOLUTE
    _printf_d                                0x00000000   Number         0  stubs.o ABSOLUTE
    _printf_e                                0x00000000   Number         0  stubs.o ABSOLUTE
    _printf_f                                0x00000000   Number         0  stubs.o ABSOLUTE
    _printf_flags                            0x00000000   Number         0  stubs.o ABSOLUTE
    _printf_fp_dec                           0x00000000   Number         0  stubs.o ABSOLUTE
    _printf_fp_hex                           0x00000000   Number         0  stubs.o ABSOLUTE
    _printf_g                                0x00000000   Number         0  stubs.o ABSOLUTE
    _printf_i                                0x00000000   Number         0  stubs.o ABSOLUTE
    _printf_int_dec                          0x00000000   Number         0  stubs.o ABSOLUTE
    _printf_l                                0x00000000   Number         0  stubs.o ABSOLUTE
    _printf_lc                               0x00000000   Number         0  stubs.o ABSOLUTE
    _printf_ll                               0x00000000   Number         0  stubs.o ABSOLUTE
    _printf_lld                              0x00000000   Number         0  stubs.o ABSOLUTE
    _printf_lli                              0x00000000   Number         0  stubs.o ABSOLUTE
    _printf_llo                              0x00000000   Number         0  stubs.o ABSOLUTE
    _printf_llu                              0x00000000   Number         0  stubs.o ABSOLUTE
    _printf_llx                              0x00000000   Number         0  stubs.o ABSOLUTE
    _printf_longlong_dec                     0x00000000   Number         0  stubs.o ABSOLUTE
    _printf_longlong_hex                     0x00000000   Number         0  stubs.o ABSOLUTE
    _printf_longlong_oct                     0x00000000   Number         0  stubs.o ABSOLUTE
    _printf_ls                               0x00000000   Number         0  stubs.o ABSOLUTE
    _printf_mbtowc                           0x00000000   Number         0  stubs.o ABSOLUTE
    _printf_n                                0x00000000   Number         0  stubs.o ABSOLUTE
    _printf_o                                0x00000000   Number         0  stubs.o ABSOLUTE
    _printf_p                                0x00000000   Number         0  stubs.o ABSOLUTE
    _printf_percent                          0x00000000   Number         0  stubs.o ABSOLUTE
    _printf_pre_padding                      0x00000000   Number         0  stubs.o ABSOLUTE
    _printf_return_value                     0x00000000   Number         0  stubs.o ABSOLUTE
    _printf_s                                0x00000000   Number         0  stubs.o ABSOLUTE
    _printf_sizespec                         0x00000000   Number         0  stubs.o ABSOLUTE
    _printf_str                              0x00000000   Number         0  stubs.o ABSOLUTE
    _printf_truncate_signed                  0x00000000   Number         0  stubs.o ABSOLUTE
    _printf_truncate_unsigned                0x00000000   Number         0  stubs.o ABSOLUTE
    _printf_u                                0x00000000   Number         0  stubs.o ABSOLUTE
    _printf_wc                               0x00000000   Number         0  stubs.o ABSOLUTE
    _printf_wctomb                           0x00000000   Number         0  stubs.o ABSOLUTE
    _printf_widthprec                        0x00000000   Number         0  stubs.o ABSOLUTE
    _printf_x                                0x00000000   Number         0  stubs.o ABSOLUTE
    __cpp_initialize__aeabi_                  - Undefined Weak Reference
    __cxa_finalize                            - Undefined Weak Reference
    __decompress                              - Undefined Weak Reference
    _clock_init                               - Undefined Weak Reference
    _microlib_exit                            - Undefined Weak Reference
    __Vectors_Size                           0x000001f4   Number         0  startup_m480.o ABSOLUTE
    __main                                   0x0001e001   Thumb Code     0  entry.o(.ARM.Collect$$$$00000000)
    _main_stk                                0x0001e001   Thumb Code     0  entry2.o(.ARM.Collect$$$$00000001)
    _main_scatterload                        0x0001e005   Thumb Code     0  entry5.o(.ARM.Collect$$$$00000004)
    __main_after_scatterload                 0x0001e009   Thumb Code     0  entry5.o(.ARM.Collect$$$$00000004)
    _main_clock                              0x0001e009   Thumb Code     0  entry7b.o(.ARM.Collect$$$$00000008)
    _main_cpp_init                           0x0001e009   Thumb Code     0  entry8b.o(.ARM.Collect$$$$0000000A)
    _main_init                               0x0001e009   Thumb Code     0  entry9a.o(.ARM.Collect$$$$0000000B)
    __rt_final_cpp                           0x0001e011   Thumb Code     0  entry10a.o(.ARM.Collect$$$$0000000D)
    __rt_final_exit                          0x0001e011   Thumb Code     0  entry11a.o(.ARM.Collect$$$$0000000F)
    HardFault_Handler                        0x0001e015   Thumb Code    24  retarget.o(.emb_text)
    Reset_Handler                            0x0001e031   Thumb Code    64  startup_m480.o(.text)
    NMI_Handler                              0x0001e071   Thumb Code     2  startup_m480.o(.text)
    MemManage_Handler                        0x0001e075   Thumb Code     2  startup_m480.o(.text)
    BusFault_Handler                         0x0001e077   Thumb Code     2  startup_m480.o(.text)
    UsageFault_Handler                       0x0001e079   Thumb Code     2  startup_m480.o(.text)
    SVC_Handler                              0x0001e07b   Thumb Code     2  startup_m480.o(.text)
    DebugMon_Handler                         0x0001e07d   Thumb Code     2  startup_m480.o(.text)
    PendSV_Handler                           0x0001e07f   Thumb Code     2  startup_m480.o(.text)
    SysTick_Handler                          0x0001e081   Thumb Code     2  startup_m480.o(.text)
    ACMP01_IRQHandler                        0x0001e083   Thumb Code     0  startup_m480.o(.text)
    BOD_IRQHandler                           0x0001e083   Thumb Code     0  startup_m480.o(.text)
    BPWM0_IRQHandler                         0x0001e083   Thumb Code     0  startup_m480.o(.text)
    BPWM1_IRQHandler                         0x0001e083   Thumb Code     0  startup_m480.o(.text)
    BRAKE0_IRQHandler                        0x0001e083   Thumb Code     0  startup_m480.o(.text)
    BRAKE1_IRQHandler                        0x0001e083   Thumb Code     0  startup_m480.o(.text)
    CAN0_IRQHandler                          0x0001e083   Thumb Code     0  startup_m480.o(.text)
    CAN1_IRQHandler                          0x0001e083   Thumb Code     0  startup_m480.o(.text)
    CAN2_IRQHandler                          0x0001e083   Thumb Code     0  startup_m480.o(.text)
    CCAP_IRQHandler                          0x0001e083   Thumb Code     0  startup_m480.o(.text)
    CKFAIL_IRQHandler                        0x0001e083   Thumb Code     0  startup_m480.o(.text)
    CRYPTO_IRQHandler                        0x0001e083   Thumb Code     0  startup_m480.o(.text)
    DAC_IRQHandler                           0x0001e083   Thumb Code     0  startup_m480.o(.text)
    EADC00_IRQHandler                        0x0001e083   Thumb Code     0  startup_m480.o(.text)
    EADC01_IRQHandler                        0x0001e083   Thumb Code     0  startup_m480.o(.text)
    EADC02_IRQHandler                        0x0001e083   Thumb Code     0  startup_m480.o(.text)
    EADC03_IRQHandler                        0x0001e083   Thumb Code     0  startup_m480.o(.text)
    EADC10_IRQHandler                        0x0001e083   Thumb Code     0  startup_m480.o(.text)
    EADC11_IRQHandler                        0x0001e083   Thumb Code     0  startup_m480.o(.text)
    EADC12_IRQHandler                        0x0001e083   Thumb Code     0  startup_m480.o(.text)
    EADC13_IRQHandler                        0x0001e083   Thumb Code     0  startup_m480.o(.text)
    ECAP0_IRQHandler                         0x0001e083   Thumb Code     0  startup_m480.o(.text)
    ECAP1_IRQHandler                         0x0001e083   Thumb Code     0  startup_m480.o(.text)
    EHCI_IRQHandler                          0x0001e083   Thumb Code     0  startup_m480.o(.text)
    EINT0_IRQHandler                         0x0001e083   Thumb Code     0  startup_m480.o(.text)
    EINT1_IRQHandler                         0x0001e083   Thumb Code     0  startup_m480.o(.text)
    EINT2_IRQHandler                         0x0001e083   Thumb Code     0  startup_m480.o(.text)
    EINT3_IRQHandler                         0x0001e083   Thumb Code     0  startup_m480.o(.text)
    EINT4_IRQHandler                         0x0001e083   Thumb Code     0  startup_m480.o(.text)
    EINT5_IRQHandler                         0x0001e083   Thumb Code     0  startup_m480.o(.text)
    EINT6_IRQHandler                         0x0001e083   Thumb Code     0  startup_m480.o(.text)
    EINT7_IRQHandler                         0x0001e083   Thumb Code     0  startup_m480.o(.text)
    EMAC_RX_IRQHandler                       0x0001e083   Thumb Code     0  startup_m480.o(.text)
    EMAC_TX_IRQHandler                       0x0001e083   Thumb Code     0  startup_m480.o(.text)
    EPWM0P0_IRQHandler                       0x0001e083   Thumb Code     0  startup_m480.o(.text)
    EPWM0P1_IRQHandler                       0x0001e083   Thumb Code     0  startup_m480.o(.text)
    EPWM0P2_IRQHandler                       0x0001e083   Thumb Code     0  startup_m480.o(.text)
    EPWM1P0_IRQHandler                       0x0001e083   Thumb Code     0  startup_m480.o(.text)
    EPWM1P1_IRQHandler                       0x0001e083   Thumb Code     0  startup_m480.o(.text)
    EPWM1P2_IRQHandler                       0x0001e083   Thumb Code     0  startup_m480.o(.text)
    GPA_IRQHandler                           0x0001e083   Thumb Code     0  startup_m480.o(.text)
    GPB_IRQHandler                           0x0001e083   Thumb Code     0  startup_m480.o(.text)
    GPC_IRQHandler                           0x0001e083   Thumb Code     0  startup_m480.o(.text)
    GPD_IRQHandler                           0x0001e083   Thumb Code     0  startup_m480.o(.text)
    GPE_IRQHandler                           0x0001e083   Thumb Code     0  startup_m480.o(.text)
    GPF_IRQHandler                           0x0001e083   Thumb Code     0  startup_m480.o(.text)
    GPG_IRQHandler                           0x0001e083   Thumb Code     0  startup_m480.o(.text)
    GPH_IRQHandler                           0x0001e083   Thumb Code     0  startup_m480.o(.text)
    I2C0_IRQHandler                          0x0001e083   Thumb Code     0  startup_m480.o(.text)
    I2C1_IRQHandler                          0x0001e083   Thumb Code     0  startup_m480.o(.text)
    I2C2_IRQHandler                          0x0001e083   Thumb Code     0  startup_m480.o(.text)
    I2S0_IRQHandler                          0x0001e083   Thumb Code     0  startup_m480.o(.text)
    IRC_IRQHandler                           0x0001e083   Thumb Code     0  startup_m480.o(.text)
    OHCI_IRQHandler                          0x0001e083   Thumb Code     0  startup_m480.o(.text)
    OPA0_IRQHandler                          0x0001e083   Thumb Code     0  startup_m480.o(.text)
    PDMA_IRQHandler                          0x0001e083   Thumb Code     0  startup_m480.o(.text)
    PWRWU_IRQHandler                         0x0001e083   Thumb Code     0  startup_m480.o(.text)
    QEI0_IRQHandler                          0x0001e083   Thumb Code     0  startup_m480.o(.text)
    QEI1_IRQHandler                          0x0001e083   Thumb Code     0  startup_m480.o(.text)
    QSPI0_IRQHandler                         0x0001e083   Thumb Code     0  startup_m480.o(.text)
    QSPI1_IRQHandler                         0x0001e083   Thumb Code     0  startup_m480.o(.text)
    RAMPE_IRQHandler                         0x0001e083   Thumb Code     0  startup_m480.o(.text)
    RTC_IRQHandler                           0x0001e083   Thumb Code     0  startup_m480.o(.text)
    SC0_IRQHandler                           0x0001e083   Thumb Code     0  startup_m480.o(.text)
    SC1_IRQHandler                           0x0001e083   Thumb Code     0  startup_m480.o(.text)
    SC2_IRQHandler                           0x0001e083   Thumb Code     0  startup_m480.o(.text)
    SDH0_IRQHandler                          0x0001e083   Thumb Code     0  startup_m480.o(.text)
    SDH1_IRQHandler                          0x0001e083   Thumb Code     0  startup_m480.o(.text)
    SPI0_IRQHandler                          0x0001e083   Thumb Code     0  startup_m480.o(.text)
    SPI1_IRQHandler                          0x0001e083   Thumb Code     0  startup_m480.o(.text)
    SPI2_IRQHandler                          0x0001e083   Thumb Code     0  startup_m480.o(.text)
    SPI3_IRQHandler                          0x0001e083   Thumb Code     0  startup_m480.o(.text)
    SPIM_IRQHandler                          0x0001e083   Thumb Code     0  startup_m480.o(.text)
    TAMPER_IRQHandler                        0x0001e083   Thumb Code     0  startup_m480.o(.text)
    TMR0_IRQHandler                          0x0001e083   Thumb Code     0  startup_m480.o(.text)
    TMR2_IRQHandler                          0x0001e083   Thumb Code     0  startup_m480.o(.text)
    TMR3_IRQHandler                          0x0001e083   Thumb Code     0  startup_m480.o(.text)
    TRNG_IRQHandler                          0x0001e083   Thumb Code     0  startup_m480.o(.text)
    UART2_IRQHandler                         0x0001e083   Thumb Code     0  startup_m480.o(.text)
    UART3_IRQHandler                         0x0001e083   Thumb Code     0  startup_m480.o(.text)
    UART4_IRQHandler                         0x0001e083   Thumb Code     0  startup_m480.o(.text)
    UART5_IRQHandler                         0x0001e083   Thumb Code     0  startup_m480.o(.text)
    UART6_IRQHandler                         0x0001e083   Thumb Code     0  startup_m480.o(.text)
    UART7_IRQHandler                         0x0001e083   Thumb Code     0  startup_m480.o(.text)
    USBD20_IRQHandler                        0x0001e083   Thumb Code     0  startup_m480.o(.text)
    USBD_IRQHandler                          0x0001e083   Thumb Code     0  startup_m480.o(.text)
    USBOTG20_IRQHandler                      0x0001e083   Thumb Code     0  startup_m480.o(.text)
    USBOTG_IRQHandler                        0x0001e083   Thumb Code     0  startup_m480.o(.text)
    USCI0_IRQHandler                         0x0001e083   Thumb Code     0  startup_m480.o(.text)
    USCI1_IRQHandler                         0x0001e083   Thumb Code     0  startup_m480.o(.text)
    WDT_IRQHandler                           0x0001e083   Thumb Code     0  startup_m480.o(.text)
    WWDT_IRQHandler                          0x0001e083   Thumb Code     0  startup_m480.o(.text)
    __aeabi_uldivmod                         0x0001e099   Thumb Code    98  uldiv.o(.text)
    __aeabi_memcpy                           0x0001e0fb   Thumb Code    36  memcpya.o(.text)
    __aeabi_memcpy4                          0x0001e0fb   Thumb Code     0  memcpya.o(.text)
    __aeabi_memcpy8                          0x0001e0fb   Thumb Code     0  memcpya.o(.text)
    __aeabi_llsr                             0x0001e11f   Thumb Code    32  llushr.o(.text)
    _ll_ushift_r                             0x0001e11f   Thumb Code     0  llushr.o(.text)
    CLK_GetCPUFreq                           0x0001e141   Thumb Code    12  clk.o(i.CLK_GetCPUFreq)
    CLK_GetLXTFreq                           0x0001e151   Thumb Code    22  clk.o(i.CLK_GetLXTFreq)
    CLK_GetPLLClockFreq                      0x0001e169   Thumb Code    66  clk.o(i.CLK_GetPLLClockFreq)
    CLK_SetModuleClock                       0x0001e1b9   Thumb Code   140  clk.o(i.CLK_SetModuleClock)
    CRC_Open                                 0x0001e24d   Thumb Code    26  crc.o(i.CRC_Open)
    DEBUG_UART_Init                          0x0001e26d   Thumb Code   124  main.o(i.DEBUG_UART_Init)
    EraseAP                                  0x0001e3cd   Thumb Code    96  fmc_user.o(i.EraseAP)
    FMC_Erase_User                           0x0001e431   Thumb Code    12  fmc_user.o(i.FMC_Erase_User)
    FMC_Proc                                 0x0001e43d   Thumb Code    76  fmc_user.o(i.FMC_Proc)
    FMC_Read                                 0x0001e48d   Thumb Code    22  fmc.o(i.FMC_Read)
    Hard_Fault_Handler                       0x0001e4a9   Thumb Code    16  retarget.o(i.Hard_Fault_Handler)
    RTC_EnableSpareAccess                    0x0001e4d1   Thumb Code    18  rtc.o(i.RTC_EnableSpareAccess)
    ReadData                                 0x0001e4e9   Thumb Code    12  fmc_user.o(i.ReadData)
    SYS_GetResetSrc                          0x0001e4f5   Thumb Code     8  sys.o(i.SYS_GetResetSrc)
    SystemCoreClockUpdate                    0x0001e53d   Thumb Code    64  system_m480.o(i.SystemCoreClockUpdate)
    SystemInit                               0x0001e585   Thumb Code   108  system_m480.o(i.SystemInit)
    TIMER1_Init                              0x0001e5fd   Thumb Code    32  main.o(i.TIMER1_Init)
    TIMER_Open                               0x0001e621   Thumb Code    54  timer.o(i.TIMER_Open)
    UART1_IRQHandler                         0x0001e659   Thumb Code    48  main.o(i.UART1_IRQHandler)
    UART_Open                                0x0001e68d   Thumb Code   246  uart.o(i.UART_Open)
    UART_SetTimeoutCnt                       0x0001e7a5   Thumb Code    20  uart.o(i.UART_SetTimeoutCnt)
    __scatterload_copy                       0x0001e7b9   Thumb Code    14  handlers.o(i.__scatterload_copy)
    __scatterload_null                       0x0001e7c7   Thumb Code     2  handlers.o(i.__scatterload_null)
    __scatterload_zeroinit                   0x0001e7c9   Thumb Code    14  handlers.o(i.__scatterload_zeroinit)
    caculate_crc32_checksum                  0x0001ec0d   Thumb Code    58  main.o(i.caculate_crc32_checksum)
    fputc                                    0x0001ec4d   Thumb Code    12  retarget.o(i.fputc)
    main                                     0x0001ec59   Thumb Code   246  main.o(i.main)
    rtc_read_magic_tag                       0x0001ee2d   Thumb Code    36  isp_user.o(i.rtc_read_magic_tag)
    __Vectors                                0x00100000   Data           4  startup_m480.o(RESET)
    __Vectors_End                            0x001001f4   Data           0  startup_m480.o(RESET)
    __aeabi_memset                           0x001001f5   Thumb Code    14  memseta.o(.text)
    __aeabi_memset4                          0x001001f5   Thumb Code     0  memseta.o(.text)
    __aeabi_memset8                          0x001001f5   Thumb Code     0  memseta.o(.text)
    __aeabi_memclr                           0x00100203   Thumb Code     4  memseta.o(.text)
    __aeabi_memclr4                          0x00100203   Thumb Code     0  memseta.o(.text)
    __aeabi_memclr8                          0x00100203   Thumb Code     0  memseta.o(.text)
    _memset$wrapper                          0x00100207   Thumb Code    18  memseta.o(.text)
    __aeabi_llsl                             0x00100219   Thumb Code    30  llshl.o(.text)
    _ll_shift_l                              0x00100219   Thumb Code     0  llshl.o(.text)
    __scatterload                            0x00100239   Thumb Code    28  init.o(.text)
    __scatterload_rt2                        0x00100239   Thumb Code     0  init.o(.text)
    CLK_EnableModuleClock                    0x0010025d   Thumb Code    24  clk.o(i.CLK_EnableModuleClock)
    CLK_GetHXTFreq                           0x00100279   Thumb Code    16  clk.o(i.CLK_GetHXTFreq)
    CLK_GetPCLK0Freq                         0x0010028d   Thumb Code    96  clk.o(i.CLK_GetPCLK0Freq)
    CLK_GetPCLK1Freq                         0x001002f1   Thumb Code    98  clk.o(i.CLK_GetPCLK1Freq)
    CRC_GetChecksum                          0x00100359   Thumb Code    48  crc.o(i.CRC_GetChecksum)
    FMC_Open                                 0x001003a5   Thumb Code    12  fmc.o(i.FMC_Open)
    FMC_Read_User                            0x001003b5   Thumb Code    12  fmc_user.o(i.FMC_Read_User)
    GetDataFlashInfo                         0x001003c1   Thumb Code    80  targetdev.o(i.GetDataFlashInfo)
    ISP_UART_Init                            0x00100419   Thumb Code    56  uart_transfer.o(i.ISP_UART_Init)
    ParseCmd                                 0x00100479   Thumb Code   614  isp_user.o(i.ParseCmd)
    PutString                                0x0010071d   Thumb Code    24  uart_transfer.o(i.PutString)
    SYS_ClearResetSrc                        0x00100765   Thumb Code    12  sys.o(i.SYS_ClearResetSrc)
    SYS_Init                                 0x00100771   Thumb Code   214  main.o(i.SYS_Init)
    SYS_ResetChip                            0x00100871   Thumb Code    14  sys.o(i.SYS_ResetChip)
    SYS_ResetModule                          0x00100881   Thumb Code    20  sys.o(i.SYS_ResetModule)
    TIMER_GetModuleClock                     0x00100899   Thumb Code   102  timer.o(i.TIMER_GetModuleClock)
    TMR1_IRQHandler                          0x00100911   Thumb Code    26  main.o(i.TMR1_IRQHandler)
    UART0_IRQHandler                         0x00100935   Thumb Code    64  uart_transfer.o(i.UART0_IRQHandler)
    UART_ClearIntFlag                        0x00100981   Thumb Code    56  uart.o(i.UART_ClearIntFlag)
    UARTx_Process                            0x001009bd   Thumb Code    18  main.o(i.UARTx_Process)
    UpdateConfig                             0x001009f9   Thumb Code    70  fmc_user.o(i.UpdateConfig)
    WriteData                                0x00100a49   Thumb Code    12  fmc_user.o(i.WriteData)
    __0printf$8                              0x00100a55   Thumb Code    22  printf8.o(i.__0printf$8)
    __1printf$8                              0x00100a55   Thumb Code     0  printf8.o(i.__0printf$8)
    __2printf                                0x00100a55   Thumb Code     0  printf8.o(i.__0printf$8)
    check_reset_source                       0x00100aa5   Thumb Code   108  main.o(i.check_reset_source)
    rtc_write_magic_tag                      0x00100c45   Thumb Code    36  isp_user.o(i.rtc_write_magic_tag)
    verify_application_chksum                0x00100d41   Thumb Code    72  main.o(i.verify_application_chksum)
    Region$$Table$$Base                      0x00100e80   Number         0  anon$$obj.o(Region$$Table)
    Region$$Table$$Limit                     0x00100ea0   Number         0  anon$$obj.o(Region$$Table)
    SystemCoreClock                          0x20000000   Data           4  system_m480.o(.data)
    CyclesPerUs                              0x20000004   Data           4  system_m480.o(.data)
    PllClock                                 0x20000008   Data           4  system_m480.o(.data)
    gau32ClkSrcTbl                           0x2000000c   Data          32  system_m480.o(.data)
    timeout_cnt                              0x2000002c   Data           4  main.o(.data)
    bUpdateApromCmd                          0x2000004c   Data           4  isp_user.o(.data)
    g_apromSize                              0x20000050   Data           4  isp_user.o(.data)
    g_dataFlashAddr                          0x20000054   Data           4  isp_user.o(.data)
    g_dataFlashSize                          0x20000058   Data           4  isp_user.o(.data)
    bUartDataReady                           0x2000005c   Data           1  uart_transfer.o(.data)
    bufhead                                  0x2000005d   Data           1  uart_transfer.o(.data)
    __stdout                                 0x20000060   Data           4  retarget.o(.data)
    response_buff                            0x20000064   Data          64  isp_user.o(.bss)
    uart_rcvbuf                              0x200010a4   Data          64  uart_transfer.o(.bss)
    __initial_sp                             0x200018e8   Data           0  startup_m480.o(STACK)



==============================================================================

Memory Map of the image

  Image Entry point : 0x0001e001

  Load Region LOAD_ROM_1 (Base: 0x00100000, Size: 0x00000f04, Max: 0x00000fff, ABSOLUTE)

    Execution Region LDROM_Bootloader.bin (Exec base: 0x00100000, Load base: 0x00100000, Size: 0x00000ea0, Max: 0x00000fff, ABSOLUTE)

    Exec Addr    Load Addr    Size         Type   Attr      Idx    E Section Name        Object

    0x00100000   0x00100000   0x000001f4   Data   RO          320    RESET               startup_m480.o
    0x001001f4   0x001001f4   0x00000024   Code   RO         1659    .text               mc_w.l(memseta.o)
    0x00100218   0x00100218   0x0000001e   Code   RO         1940    .text               mc_w.l(llshl.o)
    0x00100236   0x00100236   0x00000002   PAD
    0x00100238   0x00100238   0x00000024   Code   RO         1955    .text               mc_w.l(init.o)
    0x0010025c   0x0010025c   0x0000001c   Code   RO          850    i.CLK_EnableModuleClock  clk.o
    0x00100278   0x00100278   0x00000014   Code   RO          857    i.CLK_GetHXTFreq    clk.o
    0x0010028c   0x0010028c   0x00000064   Code   RO          861    i.CLK_GetPCLK0Freq  clk.o
    0x001002f0   0x001002f0   0x00000068   Code   RO          862    i.CLK_GetPCLK1Freq  clk.o
    0x00100358   0x00100358   0x00000034   Code   RO         1453    i.CRC_GetChecksum   crc.o
    0x0010038c   0x0010038c   0x00000018   Code   RO          529    i.Checksum          isp_user.o
    0x001003a4   0x001003a4   0x00000010   Code   RO          679    i.FMC_Open          fmc.o
    0x001003b4   0x001003b4   0x0000000c   Code   RO          462    i.FMC_Read_User     fmc_user.o
    0x001003c0   0x001003c0   0x00000058   Code   RO          582    i.GetDataFlashInfo  targetdev.o
    0x00100418   0x00100418   0x00000048   Code   RO          611    i.ISP_UART_Init     uart_transfer.o
    0x00100460   0x00100460   0x00000016   Code   RO          329    i.NVIC_EnableIRQ    main.o
    0x00100476   0x00100476   0x00000002   PAD
    0x00100478   0x00100478   0x000002a4   Code   RO          530    i.ParseCmd          isp_user.o
    0x0010071c   0x0010071c   0x00000020   Code   RO          612    i.PutString         uart_transfer.o
    0x0010073c   0x0010073c   0x00000028   Code   RO         1507    i.RTC_WaitAccessEnable  rtc.o
    0x00100764   0x00100764   0x0000000c   Code   RO         1224    i.SYS_ClearResetSrc  sys.o
    0x00100770   0x00100770   0x00000100   Code   RO          330    i.SYS_Init          main.o
    0x00100870   0x00100870   0x0000000e   Code   RO         1232    i.SYS_ResetChip     sys.o
    0x0010087e   0x0010087e   0x00000002   PAD
    0x00100880   0x00100880   0x00000018   Code   RO         1233    i.SYS_ResetModule   sys.o
    0x00100898   0x00100898   0x00000078   Code   RO         1322    i.TIMER_GetModuleClock  timer.o
    0x00100910   0x00100910   0x00000024   Code   RO          333    i.TMR1_IRQHandler   main.o
    0x00100934   0x00100934   0x0000004c   Code   RO          613    i.UART0_IRQHandler  uart_transfer.o
    0x00100980   0x00100980   0x0000003c   Code   RO         1121    i.UART_ClearIntFlag  uart.o
    0x001009bc   0x001009bc   0x0000003c   Code   RO          335    i.UARTx_Process     main.o
    0x001009f8   0x001009f8   0x00000050   Code   RO          465    i.UpdateConfig      fmc_user.o
    0x00100a48   0x00100a48   0x0000000c   Code   RO          466    i.WriteData         fmc_user.o
    0x00100a54   0x00100a54   0x00000020   Code   RO         1870    i.__0printf$8       mc_w.l(printf8.o)
    0x00100a74   0x00100a74   0x0000002e   Code   RO         1879    i._printf_pre_padding  mc_w.l(printf8.o)
    0x00100aa2   0x00100aa2   0x00000002   PAD
    0x00100aa4   0x00100aa4   0x000001a0   Code   RO          337    i.check_reset_source  main.o
    0x00100c44   0x00100c44   0x00000054   Code   RO          532    i.rtc_write_magic_tag  isp_user.o
    0x00100c98   0x00100c98   0x000000a8   Code   RO         1048    i.stackDump         retarget.o
    0x00100d40   0x00100d40   0x00000120   Code   RO          339    i.verify_application_chksum  main.o
    0x00100e60   0x00100e60   0x00000020   Data   RO         1326    .constdata          timer.o
    0x00100e80   0x00100e80   0x00000020   Data   RO         1961    Region$$Table       anon$$obj.o


    Execution Region SRAM (Exec base: 0x20000000, Load base: 0x00100ea0, Size: 0x000018e8, Max: 0x00020000, ABSOLUTE)

    Exec Addr    Load Addr    Size         Type   Attr      Idx    E Section Name        Object

    0x20000000   0x00100ea0   0x0000002c   Data   RW            6    .data               system_m480.o
    0x2000002c   0x00100ecc   0x00000004   Data   RW          340    .data               main.o
    0x20000030   0x00100ed0   0x0000002c   Data   RW          534    .data               isp_user.o
    0x2000005c   0x00100efc   0x00000002   Data   RW          615    .data               uart_transfer.o
    0x2000005e   0x00100efe   0x00000002   PAD
    0x20000060   0x00100f00   0x00000004   Data   RW         1049    .data               retarget.o
    0x20000064        -       0x00001040   Zero   RW          533    .bss                isp_user.o
    0x200010a4        -       0x00000040   Zero   RW          614    .bss                uart_transfer.o
    0x200010e4   0x00100f04   0x00000004   PAD
    0x200010e8        -       0x00000800   Zero   RW          318    STACK               startup_m480.o



  Load Region LOAD_ROM_2 (Base: 0x0001e000, Size: 0x00000eb0, Max: 0x00001000, ABSOLUTE)

    Execution Region APROM_Bootloader.bin (Exec base: 0x0001e000, Load base: 0x0001e000, Size: 0x00000eb0, Max: 0x00001000, ABSOLUTE)

    Exec Addr    Load Addr    Size         Type   Attr      Idx    E Section Name        Object

    0x0001e000   0x0001e000   0x00000000   Code   RO         1652  * .ARM.Collect$$$$00000000  mc_w.l(entry.o)
    0x0001e000   0x0001e000   0x00000004   Code   RO         1924    .ARM.Collect$$$$00000001  mc_w.l(entry2.o)
    0x0001e004   0x0001e004   0x00000004   Code   RO         1927    .ARM.Collect$$$$00000004  mc_w.l(entry5.o)
    0x0001e008   0x0001e008   0x00000000   Code   RO         1929    .ARM.Collect$$$$00000008  mc_w.l(entry7b.o)
    0x0001e008   0x0001e008   0x00000000   Code   RO         1931    .ARM.Collect$$$$0000000A  mc_w.l(entry8b.o)
    0x0001e008   0x0001e008   0x00000008   Code   RO         1932    .ARM.Collect$$$$0000000B  mc_w.l(entry9a.o)
    0x0001e010   0x0001e010   0x00000000   Code   RO         1934    .ARM.Collect$$$$0000000D  mc_w.l(entry10a.o)
    0x0001e010   0x0001e010   0x00000000   Code   RO         1936    .ARM.Collect$$$$0000000F  mc_w.l(entry11a.o)
    0x0001e010   0x0001e010   0x00000004   Code   RO         1925    .ARM.Collect$$$$00002712  mc_w.l(entry2.o)
    0x0001e014   0x0001e014   0x0000001c   Code   RO         1039    .emb_text           retarget.o
    0x0001e030   0x0001e030   0x00000068   Code   RO          321    .text               startup_m480.o
    0x0001e098   0x0001e098   0x00000062   Code   RO         1655    .text               mc_w.l(uldiv.o)
    0x0001e0fa   0x0001e0fa   0x00000024   Code   RO         1657    .text               mc_w.l(memcpya.o)
    0x0001e11e   0x0001e11e   0x00000020   Code   RO         1942    .text               mc_w.l(llushr.o)
    0x0001e13e   0x0001e13e   0x00000002   PAD
    0x0001e140   0x0001e140   0x00000010   Code   RO          855    i.CLK_GetCPUFreq    clk.o
    0x0001e150   0x0001e150   0x00000016   Code   RO          858    i.CLK_GetLXTFreq    clk.o
    0x0001e166   0x0001e166   0x00000002   PAD
    0x0001e168   0x0001e168   0x00000050   Code   RO          863    i.CLK_GetPLLClockFreq  clk.o
    0x0001e1b8   0x0001e1b8   0x00000094   Code   RO          869    i.CLK_SetModuleClock  clk.o
    0x0001e24c   0x0001e24c   0x00000020   Code   RO         1454    i.CRC_Open          crc.o
    0x0001e26c   0x0001e26c   0x00000160   Code   RO          328    i.DEBUG_UART_Init   main.o
    0x0001e3cc   0x0001e3cc   0x00000064   Code   RO          459    i.EraseAP           fmc_user.o
    0x0001e430   0x0001e430   0x0000000c   Code   RO          460    i.FMC_Erase_User    fmc_user.o
    0x0001e43c   0x0001e43c   0x00000050   Code   RO          461    i.FMC_Proc          fmc_user.o
    0x0001e48c   0x0001e48c   0x0000001c   Code   RO          680    i.FMC_Read          fmc.o
    0x0001e4a8   0x0001e4a8   0x00000028   Code   RO         1040    i.Hard_Fault_Handler  retarget.o
    0x0001e4d0   0x0001e4d0   0x00000018   Code   RO         1491    i.RTC_EnableSpareAccess  rtc.o
    0x0001e4e8   0x0001e4e8   0x0000000c   Code   RO          464    i.ReadData          fmc_user.o
    0x0001e4f4   0x0001e4f4   0x00000008   Code   RO         1228    i.SYS_GetResetSrc   sys.o
    0x0001e4fc   0x0001e4fc   0x00000020   Code   RO          331    i.SYS_UnlockReg     main.o
    0x0001e51c   0x0001e51c   0x00000020   Code   RO         1042    i.SendChar          retarget.o
    0x0001e53c   0x0001e53c   0x00000048   Code   RO            4    i.SystemCoreClockUpdate  system_m480.o
    0x0001e584   0x0001e584   0x00000078   Code   RO            5    i.SystemInit        system_m480.o
    0x0001e5fc   0x0001e5fc   0x00000024   Code   RO          332    i.TIMER1_Init       main.o
    0x0001e620   0x0001e620   0x00000036   Code   RO         1323    i.TIMER_Open        timer.o
    0x0001e656   0x0001e656   0x00000002   PAD
    0x0001e658   0x0001e658   0x00000034   Code   RO          334    i.UART1_IRQHandler  main.o
    0x0001e68c   0x0001e68c   0x00000118   Code   RO         1127    i.UART_Open         uart.o
    0x0001e7a4   0x0001e7a4   0x00000014   Code   RO         1133    i.UART_SetTimeoutCnt  uart.o
    0x0001e7b8   0x0001e7b8   0x0000000e   Code   RO         1963    i.__scatterload_copy  mc_w.l(handlers.o)
    0x0001e7c6   0x0001e7c6   0x00000002   Code   RO         1964    i.__scatterload_null  mc_w.l(handlers.o)
    0x0001e7c8   0x0001e7c8   0x0000000e   Code   RO         1965    i.__scatterload_zeroinit  mc_w.l(handlers.o)
    0x0001e7d6   0x0001e7d6   0x00000002   PAD
    0x0001e7d8   0x0001e7d8   0x00000410   Code   RO         1877    i._printf_core      mc_w.l(printf8.o)
    0x0001ebe8   0x0001ebe8   0x00000024   Code   RO         1878    i._printf_post_padding  mc_w.l(printf8.o)
    0x0001ec0c   0x0001ec0c   0x00000040   Code   RO          336    i.caculate_crc32_checksum  main.o
    0x0001ec4c   0x0001ec4c   0x0000000c   Code   RO         1046    i.fputc             retarget.o
    0x0001ec58   0x0001ec58   0x000001d4   Code   RO          338    i.main              main.o
    0x0001ee2c   0x0001ee2c   0x00000054   Code   RO          531    i.rtc_read_magic_tag  isp_user.o
    0x0001ee80   0x0001ee80   0x00000030   Data   RO         1135    .constdata          uart.o


==============================================================================

Image component sizes


      Code (inc. data)   RO Data    RW Data    ZI Data      Debug   Object Name

       518         44          0          0          0       6377   clk.o
        84         10          0          0          0       1373   crc.o
        44         10          0          0          0       1744   fmc.o
       308         18          0          0          0       4752   fmc_user.o
       868        158          0         44       4160       4934   isp_user.o
      2082       1082          0          4          0     136665   main.o
       280        130          0          4          0       5071   retarget.o
        64         12          0          0          0       3800   rtc.o
       104         20        500          0       2048        952   startup_m480.o
        58          4          0          0          0       2296   sys.o
       192         20          0         44          0      31279   system_m480.o
        88          8          0          0          0       1027   targetdev.o
       174         18         32          0          0       2184   timer.o
       360         38         48          0          0       2761   uart.o
       180         36          0          2         64      29139   uart_transfer.o

    ----------------------------------------------------------------------
      5412       1608        612        100       6276     234354   Object Totals
         0          0         32          0          0          0   (incl. Generated)
         8          0          0          2          4          0   (incl. Padding)

    ----------------------------------------------------------------------

      Code (inc. data)   RO Data    RW Data    ZI Data      Debug   Library Member Name

         0          0          0          0          0          0   entry.o
         0          0          0          0          0          0   entry10a.o
         0          0          0          0          0          0   entry11a.o
         8          4          0          0          0          0   entry2.o
         4          0          0          0          0          0   entry5.o
         0          0          0          0          0          0   entry7b.o
         0          0          0          0          0          0   entry8b.o
         8          4          0          0          0          0   entry9a.o
        30          0          0          0          0          0   handlers.o
        36          8          0          0          0         68   init.o
        30          0          0          0          0         68   llshl.o
        32          0          0          0          0         68   llushr.o
        36          0          0          0          0         68   memcpya.o
        36          0          0          0          0        108   memseta.o
      1154         54          0          0          0        352   printf8.o
        98          0          0          0          0         92   uldiv.o

    ----------------------------------------------------------------------
      1480         70          0          0          0        824   Library Totals
         8          0          0          0          0          0   (incl. Padding)

    ----------------------------------------------------------------------

      Code (inc. data)   RO Data    RW Data    ZI Data      Debug   Library Name

      1472         70          0          0          0        824   mc_w.l

    ----------------------------------------------------------------------
      1480         70          0          0          0        824   Library Totals

    ----------------------------------------------------------------------

==============================================================================


      Code (inc. data)   RO Data    RW Data    ZI Data      Debug   

      6892       1678        612        100       6276     229918   Grand Totals
      6892       1678        612        100       6276     229918   ELF Image Totals
      6892       1678        612        100          0          0   ROM Totals

==============================================================================

    Total RO  Size (Code + RO Data)                 7504 (   7.33kB)
    Total RW  Size (RW Data + ZI Data)              6376 (   6.23kB)
    Total ROM Size (Code + RO Data + RW Data)       7604 (   7.43kB)

==============================================================================

