<html>
<body>
<pre>
<h1>µVision Build Log</h1>
<h2>Tool Versions:</h2>
IDE-Version: £gVision V5.26.2.0
Copyright (C) 2018 ARM Ltd and ARM Germany GmbH. All rights reserved.
License Information: WT WT WT Flex license: MDK-ARM Professional: 4 user(s) (mdk_pro) Support: May 2022
 
Tool Versions:
Toolchain:       MDK-ARM Professional: 4 user(s)  Version: 5.26.2.0
Toolchain Path:  C:\Keil_v5\ARM\ARMCC\Bin
C Compiler:      Armcc.exe V5.06 update 6 (build 750)
Assembler:       Armasm.exe V5.06 update 6 (build 750)
Linker/Locator:  ArmLink.exe V5.06 update 6 (build 750)
Library Manager: ArmAr.exe V5.06 update 6 (build 750)
Hex Converter:   FromElf.exe V5.06 update 6 (build 750)
CPU DLL:         SARMCM3.DLL V5.26.2.0
Dialog DLL:      DARMCM1.DLL V1.19.1.0
Target DLL:      Nu_Link.dll V3.08
Dialog DLL:      TARMCM1.DLL V1.14.0.0
 
<h2>Project:</h2>
D:\SourceCode\_Avery_M480\M480BSP_ISP_UART_APROM\SampleCode\Template\ISP_UART\KEIL\ISP_UART.uvproj
Project File Date:  09/22/2021

<h2>Output:</h2>
*** Using Compiler 'V5.06 update 6 (build 750)', folder: 'C:\Keil_v5\ARM\ARMCC\Bin'
Rebuild target 'ISP_UART'
creating preprocessor file for system_M480.c...
assembling startup_M480.s...
creating preprocessor file for main.c...
creating preprocessor file for fmc_user.c...
compiling system_M480.c...
compiling main.c...
..\main.c(271): warning:  #177-D: variable "lcmd"  was declared but never referenced
      uint32_t lcmd;
..\main.c: 1 warning, 0 errors
compiling fmc_user.c...
creating preprocessor file for isp_user.c...
creating preprocessor file for targetdev.c...
creating preprocessor file for uart_transfer.c...
compiling isp_user.c...
..\isp_user.c(89): warning:  #177-D: variable "i"  was declared but never referenced
      uint32_t lcmd, srclen, i, regcnf0, security;
..\isp_user.c: 1 warning, 0 errors
compiling targetdev.c...
compiling uart_transfer.c...
creating preprocessor file for fmc.c...
creating preprocessor file for clk.c...
creating preprocessor file for retarget.c...
compiling fmc.c...
compiling clk.c...
creating preprocessor file for uart.c...
compiling retarget.c...
creating preprocessor file for sys.c...
creating preprocessor file for timer.c...
compiling uart.c...
compiling sys.c...
creating preprocessor file for gpio.c...
compiling timer.c...
creating preprocessor file for crc.c...
creating preprocessor file for rtc.c...
compiling gpio.c...
compiling crc.c...
compiling rtc.c...
linking...
Program Size: Code=6892 RO-data=612 RW-data=100 ZI-data=6276  
FromELF: creating hex file...
After Build - User command #1: fromelf --bin ".\obj\ISP_UART.axf" --output ".\obj\ISP_UART.bin"
After Build - User command #2: fromelf --text -c ".\obj\ISP_UART.axf" --output ".\obj\ISP_UART.txt"
".\obj\ISP_UART.axf" - 0 Error(s), 2 Warning(s).
Build Time Elapsed:  00:01:12
</pre>
</body>
</html>
